Component: ARM Compiler 5.06 update 7 (build 960) Tool: armlink [4d3601]

==============================================================================

Section Cross References

    priority_inv.o(i.PA) refers to priority_inv.o(i.delay) for delay
    priority_inv.o(i.PA) refers to rt_cmsis.o(i.osSignalWait) for osSignalWait
    priority_inv.o(i.PB) refers to priority_inv.o(i.delay) for delay
    priority_inv.o(i.PC) refers to priority_inv.o(i.delay) for delay
    priority_inv.o(i.PC) refers to rt_cmsis.o(i.osSignalSet) for osSignalSet
    priority_inv.o(i.PC) refers to priority_inv.o(.data) for t_PA
    priority_inv.o(i.main) refers to rt_cmsis.o(i.osKernelInitialize) for osKernelInitialize
    priority_inv.o(i.main) refers to led_mcb1700.o(i.LED_Initialize) for LED_Initialize
    priority_inv.o(i.main) refers to rt_cmsis.o(i.osThreadGetId) for osThreadGetId
    priority_inv.o(i.main) refers to rt_cmsis.o(i.osThreadSetPriority) for osThreadSetPriority
    priority_inv.o(i.main) refers to rt_cmsis.o(i.osThreadCreate) for osThreadCreate
    priority_inv.o(i.main) refers to rt_cmsis.o(i.osDelay) for osDelay
    priority_inv.o(i.main) refers to rt_cmsis.o(i.osThreadTerminate) for osThreadTerminate
    priority_inv.o(i.main) refers to rt_cmsis.o(i.osKernelStart) for osKernelStart
    priority_inv.o(i.main) refers to priority_inv.o(.data) for t_main
    priority_inv.o(i.main) refers to priority_inv.o(.constdata) for os_thread_def_PC
    priority_inv.o(.constdata) refers to priority_inv.o(i.PA) for PA
    priority_inv.o(.constdata) refers to priority_inv.o(i.PB) for PB
    priority_inv.o(.constdata) refers to priority_inv.o(i.PC) for PC
    led_mcb1700.o(i.LED_Initialize) refers to gpio_lpc17xx.o(i.GPIO_PortClock) for GPIO_PortClock
    led_mcb1700.o(i.LED_Initialize) refers to pin_lpc17xx.o(i.PIN_Configure) for PIN_Configure
    led_mcb1700.o(i.LED_Initialize) refers to gpio_lpc17xx.o(i.GPIO_SetDir) for GPIO_SetDir
    led_mcb1700.o(i.LED_Initialize) refers to gpio_lpc17xx.o(i.GPIO_PinWrite) for GPIO_PinWrite
    led_mcb1700.o(i.LED_Initialize) refers to led_mcb1700.o(.constdata) for LED_PIN
    led_mcb1700.o(i.LED_Off) refers to gpio_lpc17xx.o(i.GPIO_PinWrite) for GPIO_PinWrite
    led_mcb1700.o(i.LED_Off) refers to led_mcb1700.o(.constdata) for LED_PIN
    led_mcb1700.o(i.LED_On) refers to gpio_lpc17xx.o(i.GPIO_PinWrite) for GPIO_PinWrite
    led_mcb1700.o(i.LED_On) refers to led_mcb1700.o(.constdata) for LED_PIN
    led_mcb1700.o(i.LED_SetOut) refers to led_mcb1700.o(i.LED_On) for LED_On
    led_mcb1700.o(i.LED_SetOut) refers to led_mcb1700.o(i.LED_Off) for LED_Off
    led_mcb1700.o(i.LED_Uninitialize) refers to pin_lpc17xx.o(i.PIN_Configure) for PIN_Configure
    led_mcb1700.o(i.LED_Uninitialize) refers to led_mcb1700.o(.constdata) for LED_PIN
    rtx_conf_cm.o(.ARM.Collect$$$$000000FF) refers to rt_cmsis.o(i.osKernelInitialize) for osKernelInitialize
    rtx_conf_cm.o(.ARM.Collect$$$$000000FF) refers to rt_cmsis.o(i.osThreadCreate) for osThreadCreate
    rtx_conf_cm.o(.ARM.Collect$$$$000000FF) refers to rt_cmsis.o(i.osKernelStart) for osKernelStart
    rtx_conf_cm.o(.ARM.Collect$$$$000000FF) refers to rtx_conf_cm.o(.constdata) for .constdata
    rtx_conf_cm.o(.constdata) refers to rt_cmsis.o(i.osTimerThread) for osTimerThread
    rtx_conf_cm.o(.constdata) refers to rtx_conf_cm.o(.bss) for os_messageQ_q_osTimerMessageQ
    rtx_conf_cm.o(.constdata) refers to priority_inv.o(i.main) for main
    startup_lpc17xx.o(RESET) refers to startup_lpc17xx.o(STACK) for __initial_sp
    startup_lpc17xx.o(RESET) refers to startup_lpc17xx.o(.text) for Reset_Handler
    startup_lpc17xx.o(RESET) refers to hal_cm3.o(.emb_text) for SVC_Handler
    startup_lpc17xx.o(.text) refers to system_lpc17xx.o(i.SystemInit) for SystemInit
    startup_lpc17xx.o(.text) refers to entry.o(.ARM.Collect$$$$00000000) for __main
    system_lpc17xx.o(i.SystemCoreClockUpdate) refers to uldiv.o(.text) for __aeabi_uldivmod
    system_lpc17xx.o(i.SystemCoreClockUpdate) refers to system_lpc17xx.o(.data) for SystemCoreClock
    rt_cmsis.o(i.isrMessageGet) refers to rt_mailbox.o(i.isr_mbx_receive) for isr_mbx_receive
    rt_cmsis.o(i.isrMessagePut) refers to rt_mailbox.o(i.rt_mbx_check) for rt_mbx_check
    rt_cmsis.o(i.isrMessagePut) refers to rt_mailbox.o(i.isr_mbx_send) for isr_mbx_send
    rt_cmsis.o(i.isrSemaphoreRelease) refers to rt_cmsis.o(i.rt_id2obj) for rt_id2obj
    rt_cmsis.o(i.isrSemaphoreRelease) refers to rt_semaphore.o(i.isr_sem_send) for isr_sem_send
    rt_cmsis.o(i.isrSignalSet) refers to rt_cmsis.o(i.rt_tid2ptcb) for rt_tid2ptcb
    rt_cmsis.o(i.isrSignalSet) refers to rt_event.o(i.isr_evt_set) for isr_evt_set
    rt_cmsis.o(i.osDelay) refers to rt_cmsis.o(i.svcDelay) for svcDelay
    rt_cmsis.o(i.osKernelInitialize) refers to rt_cmsis.o(i.svcKernelInitialize) for svcKernelInitialize
[...]
    rt_cmsis.o(i.svcSemaphoreRelease) refers to rt_cmsis.o(i.rt_id2obj) for rt_id2obj
    rt_cmsis.o(i.svcSemaphoreRelease) refers to rt_semaphore.o(i.rt_sem_send) for rt_sem_send
    rt_cmsis.o(i.svcSemaphoreWait) refers to rt_cmsis.o(i.rt_id2obj) for rt_id2obj
    rt_cmsis.o(i.svcSemaphoreWait) refers to rt_cmsis.o(i.rt_ms2tick) for rt_ms2tick
    rt_cmsis.o(i.svcSemaphoreWait) refers to rt_semaphore.o(i.rt_sem_wait) for rt_sem_wait
    rt_cmsis.o(i.svcSignalClear) refers to rt_cmsis.o(i.rt_tid2ptcb) for rt_tid2ptcb
    rt_cmsis.o(i.svcSignalClear) refers to rt_event.o(i.rt_evt_clr) for rt_evt_clr
    rt_cmsis.o(i.svcSignalSet) refers to rt_cmsis.o(i.rt_tid2ptcb) for rt_tid2ptcb
    rt_cmsis.o(i.svcSignalSet) refers to rt_event.o(i.rt_evt_set) for rt_evt_set
    rt_cmsis.o(i.svcSignalWait) refers to rt_cmsis.o(i.rt_ms2tick) for rt_ms2tick
    rt_cmsis.o(i.svcSignalWait) refers to rt_event.o(i.rt_evt_wait) for rt_evt_wait
    rt_cmsis.o(i.svcSignalWait) refers to rt_task.o(.data) for os_tsk
    rt_cmsis.o(i.svcThreadCreate) refers to rt_memory.o(i.rt_alloc_mem) for rt_alloc_mem
    rt_cmsis.o(i.svcThreadCreate) refers to rt_task.o(i.rt_tsk_create) for rt_tsk_create
    rt_cmsis.o(i.svcThreadCreate) refers to rt_memory.o(i.rt_free_mem) for rt_free_mem
    rt_cmsis.o(i.svcThreadCreate) refers to rtx_conf_cm.o(.bss) for os_stack_mem
    rt_cmsis.o(i.svcThreadCreate) refers to rt_cmsis.o(i.osThreadExit) for osThreadExit
    rt_cmsis.o(i.svcThreadGetId) refers to rt_task.o(i.rt_tsk_self) for rt_tsk_self
    rt_cmsis.o(i.svcThreadGetId) refers to rtx_conf_cm.o(.bss) for os_active_TCB
    rt_cmsis.o(i.svcThreadGetPriority) refers to rt_cmsis.o(i.rt_tid2ptcb) for rt_tid2ptcb
    rt_cmsis.o(i.svcThreadSetPriority) refers to rt_cmsis.o(i.rt_tid2ptcb) for rt_tid2ptcb
    rt_cmsis.o(i.svcThreadSetPriority) refers to rt_task.o(i.rt_tsk_prio) for rt_tsk_prio
    rt_cmsis.o(i.svcThreadTerminate) refers to rt_cmsis.o(i.rt_tid2ptcb) for rt_tid2ptcb
    rt_cmsis.o(i.svcThreadTerminate) refers to rt_task.o(i.rt_tsk_delete) for rt_tsk_delete
    rt_cmsis.o(i.svcThreadTerminate) refers to rt_memory.o(i.rt_free_mem) for rt_free_mem
    rt_cmsis.o(i.svcThreadTerminate) refers to rtx_conf_cm.o(.bss) for os_stack_mem
    rt_cmsis.o(i.svcThreadYield) refers to rt_task.o(i.rt_tsk_pass) for rt_tsk_pass
    rt_cmsis.o(i.svcTimerCall) refers to rt_cmsis.o(i.rt_id2obj) for rt_id2obj
    rt_cmsis.o(i.svcTimerCreate) refers to rtx_conf_cm.o(.data) for osThreadId_osTimerThread
    rt_cmsis.o(i.svcTimerDelete) refers to rt_cmsis.o(i.rt_id2obj) for rt_id2obj
    rt_cmsis.o(i.svcTimerDelete) refers to rt_cmsis.o(i.rt_timer_remove) for rt_timer_remove
    rt_cmsis.o(i.svcTimerStart) refers to rt_cmsis.o(i.rt_id2obj) for rt_id2obj
    rt_cmsis.o(i.svcTimerStart) refers to uldiv.o(.text) for __aeabi_uldivmod
    rt_cmsis.o(i.svcTimerStart) refers to rt_cmsis.o(i.rt_timer_remove) for rt_timer_remove
    rt_cmsis.o(i.svcTimerStart) refers to rt_cmsis.o(i.rt_timer_insert) for rt_timer_insert
    rt_cmsis.o(i.svcTimerStart) refers to rtx_conf_cm.o(.constdata) for os_clockrate
    rt_cmsis.o(i.svcTimerStop) refers to rt_cmsis.o(i.rt_id2obj) for rt_id2obj
    rt_cmsis.o(i.svcTimerStop) refers to rt_cmsis.o(i.rt_timer_remove) for rt_timer_remove
    rt_cmsis.o(i.sysMailAlloc) refers to rt_membox.o(i.rt_alloc_box) for rt_alloc_box
    rt_cmsis.o(i.sysMailAlloc) refers to rt_list.o(i.rt_put_prio) for rt_put_prio
    rt_cmsis.o(i.sysMailAlloc) refers to rt_cmsis.o(i.rt_ms2tick) for rt_ms2tick
    rt_cmsis.o(i.sysMailAlloc) refers to rt_task.o(i.rt_block) for rt_block
    rt_cmsis.o(i.sysMailAlloc) refers to rt_task.o(.data) for os_tsk
    rt_cmsis.o(i.sysMailFree) refers to rt_membox.o(i.rt_free_box) for rt_free_box
    rt_cmsis.o(i.sysMailFree) refers to rt_list.o(i.rt_psq_enq) for rt_psq_enq
    rt_cmsis.o(i.sysMailFree) refers to rt_system.o(i.rt_psh_req) for rt_psh_req
    rt_cmsis.o(i.sysMailFree) refers to rt_membox.o(i.rt_alloc_box) for rt_alloc_box
    rt_cmsis.o(i.sysMailFree) refers to rt_list.o(i.rt_get_first) for rt_get_first
    rt_cmsis.o(i.sysMailFree) refers to hal_cm.o(i.rt_ret_val) for rt_ret_val
    rt_cmsis.o(i.sysMailFree) refers to rt_list.o(i.rt_rmv_dly) for rt_rmv_dly
    rt_cmsis.o(i.sysMailFree) refers to rt_task.o(i.rt_dispatch) for rt_dispatch
    rt_cmsis.o(i.sysPoolAlloc) refers to rt_membox.o(i.rt_alloc_box) for rt_alloc_box
    rt_cmsis.o(i.sysPoolFree) refers to rt_membox.o(i.rt_free_box) for rt_free_box
    rt_cmsis.o(i.sysTimerTick) refers to rt_cmsis.o(i.isrMessagePut) for isrMessagePut
    rt_cmsis.o(i.sysTimerTick) refers to rtx_conf_cm.o(i.os_error) for os_error
    rt_cmsis.o(i.sysTimerTick) refers to rt_cmsis.o(i.rt_timer_insert) for rt_timer_insert
    rt_cmsis.o(i.sysTimerTick) refers to rt_cmsis.o(.data) for .data
    rt_cmsis.o(i.sysTimerTick) refers to rtx_conf_cm.o(.data) for osMessageQId_osTimerMessageQ
    rt_cmsis.o(i.sysUserTimerUpdate) refers to rt_cmsis.o(i.sysTimerTick) for sysTimerTick
    rt_cmsis.o(i.sysUserTimerUpdate) refers to rt_cmsis.o(.data) for .data
    rt_cmsis.o(i.sysUserTimerWakeupTime) refers to rt_cmsis.o(.data) for .data
    rt_task.o(i.rt_block) refers to rt_list.o(i.rt_put_dly) for rt_put_dly
    rt_task.o(i.rt_block) refers to rt_list.o(i.rt_get_first) for rt_get_first
    rt_task.o(i.rt_block) refers to rt_task.o(i.rt_switch_req) for rt_switch_req
    rt_task.o(i.rt_block) refers to rt_task.o(.data) for .data
    rt_task.o(i.rt_block) refers to rt_list.o(.bss) for os_rdy
    rt_task.o(i.rt_dispatch) refers to rt_list.o(i.rt_put_rdy_first) for rt_put_rdy_first
    rt_task.o(i.rt_dispatch) refers to rt_task.o(i.rt_switch_req) for rt_switch_req
    rt_task.o(i.rt_dispatch) refers to rt_list.o(i.rt_get_first) for rt_get_first
    rt_task.o(i.rt_dispatch) refers to rt_list.o(i.rt_put_prio) for rt_put_prio
    rt_task.o(i.rt_dispatch) refers to rt_task.o(.data) for .data
    rt_task.o(i.rt_dispatch) refers to rt_list.o(.bss) for os_rdy
    rt_task.o(i.rt_init_context) refers to rt_membox.o(i.rt_alloc_box) for rt_alloc_box
    rt_task.o(i.rt_init_context) refers to hal_cm.o(i.rt_init_stack) for rt_init_stack
    rt_task.o(i.rt_init_context) refers to rtx_conf_cm.o(.bss) for mp_stk
    rt_task.o(i.rt_switch_req) refers to hal_cm.o(i.dbg_task_switch) for dbg_task_switch
    rt_task.o(i.rt_switch_req) refers to rt_task.o(.data) for .data
    rt_task.o(i.rt_switch_req) refers to hal_cm.o(.data) for dbg_msg
    rt_task.o(i.rt_sys_init) refers to hal_cm.o(i.dbg_init) for dbg_init
    rt_task.o(i.rt_sys_init) refers to rt_membox.o(i._init_box) for _init_box
    rt_task.o(i.rt_sys_init) refers to rt_task.o(i.rt_init_context) for rt_init_context
    rt_task.o(i.rt_sys_init) refers to rtx_conf_cm.o(i.rt_init_robin) for rt_init_robin
    rt_task.o(i.rt_sys_init) refers to rtx_conf_cm.o(.bss) for os_active_TCB
    rt_task.o(i.rt_sys_init) refers to rtx_conf_cm.o(.constdata) for os_maxtaskrun
    rt_task.o(i.rt_sys_init) refers to rtx_conf_cm.o(.data) for m_tmr
    rt_task.o(i.rt_sys_init) refers to rt_task.o(.bss) for .bss
    rt_task.o(i.rt_sys_init) refers to rtx_conf_cm.o(i.os_idle_demon) for os_idle_demon
    rt_task.o(i.rt_sys_init) refers to rt_list.o(.bss) for os_rdy
    rt_task.o(i.rt_sys_init) refers to rt_task.o(.data) for .data
    rt_task.o(i.rt_sys_start) refers to rt_system.o(i.os_tick_init) for os_tick_init
    rt_task.o(i.rt_sys_start) refers to rt_system.o(.data) for os_tick_irqn
    rt_task.o(i.rt_tsk_create) refers to rt_membox.o(i.rt_alloc_box) for rt_alloc_box
    rt_task.o(i.rt_tsk_create) refers to rt_task.o(i.rt_init_context) for rt_init_context
    rt_task.o(i.rt_tsk_create) refers to hal_cm.o(i.dbg_task_notify) for dbg_task_notify
    rt_task.o(i.rt_tsk_create) refers to rt_task.o(i.rt_dispatch) for rt_dispatch
    rt_task.o(i.rt_tsk_create) refers to rtx_conf_cm.o(.bss) for mp_tcb
    rt_task.o(i.rt_tsk_create) refers to rtx_conf_cm.o(.constdata) for os_maxtaskrun
    rt_task.o(i.rt_tsk_create) refers to hal_cm.o(.data) for dbg_msg
    rt_task.o(i.rt_tsk_delete) refers to hal_cm3.o(.emb_text) for rt_get_PSP
    rt_task.o(i.rt_tsk_delete) refers to rt_system.o(i.rt_stk_check) for rt_stk_check
    rt_task.o(i.rt_tsk_delete) refers to rt_list.o(i.rt_get_first) for rt_get_first
    rt_task.o(i.rt_tsk_delete) refers to hal_cm.o(i.rt_ret_val) for rt_ret_val
    rt_task.o(i.rt_tsk_delete) refers to rt_list.o(i.rt_rmv_dly) for rt_rmv_dly
    rt_task.o(i.rt_tsk_delete) refers to rt_list.o(i.rt_put_prio) for rt_put_prio
    rt_task.o(i.rt_tsk_delete) refers to rt_membox.o(i.rt_free_box) for rt_free_box
    rt_task.o(i.rt_tsk_delete) refers to hal_cm.o(i.dbg_task_notify) for dbg_task_notify
    rt_task.o(i.rt_tsk_delete) refers to rt_list.o(i.rt_rmv_list) for rt_rmv_list
    rt_task.o(i.rt_tsk_delete) refers to rt_task.o(i.rt_dispatch) for rt_dispatch
    rt_task.o(i.rt_tsk_delete) refers to hal_cm.o(.data) for dbg_msg
    rt_task.o(i.rt_tsk_delete) refers to rtx_conf_cm.o(.bss) for os_active_TCB
    rt_task.o(i.rt_tsk_delete) refers to rt_task.o(.data) for .data
    rt_task.o(i.rt_tsk_delete) refers to rt_list.o(.bss) for os_rdy
    rt_task.o(i.rt_tsk_delete) refers to rtx_conf_cm.o(.constdata) for os_maxtaskrun
    rt_task.o(i.rt_tsk_pass) refers to rt_list.o(i.rt_get_same_rdy_prio) for rt_get_same_rdy_prio
    rt_task.o(i.rt_tsk_pass) refers to rt_list.o(i.rt_put_prio) for rt_put_prio
    rt_task.o(i.rt_tsk_pass) refers to rt_task.o(i.rt_switch_req) for rt_switch_req
    rt_task.o(i.rt_tsk_pass) refers to rt_task.o(.data) for .data
    rt_task.o(i.rt_tsk_pass) refers to rt_list.o(.bss) for os_rdy
    rt_task.o(i.rt_tsk_prio) refers to rt_list.o(i.rt_put_prio) for rt_put_prio
    rt_task.o(i.rt_tsk_prio) refers to rt_list.o(i.rt_resort_prio) for rt_resort_prio
    rt_task.o(i.rt_tsk_prio) refers to rt_list.o(i.rt_get_first) for rt_get_first
    rt_task.o(i.rt_tsk_prio) refers to rt_task.o(i.rt_dispatch) for rt_dispatch
    rt_task.o(i.rt_tsk_prio) refers to rt_task.o(.data) for .data
    rt_task.o(i.rt_tsk_prio) refers to rtx_conf_cm.o(.constdata) for os_maxtaskrun
    rt_task.o(i.rt_tsk_prio) refers to rtx_conf_cm.o(.bss) for os_active_TCB
    rt_task.o(i.rt_tsk_prio) refers to rt_list.o(.bss) for os_rdy
    rt_task.o(i.rt_tsk_self) refers to rt_task.o(.data) for .data
    rt_system.o(i.os_tick_init) refers to rtx_conf_cm.o(.constdata) for os_trv
    rt_system.o(i.os_tick_val) refers to rtx_conf_cm.o(.constdata) for os_trv
    rt_system.o(i.rt_pop_req) refers to rt_list.o(i.rt_put_rdy_first) for rt_put_rdy_first
    rt_system.o(i.rt_pop_req) refers to rt_semaphore.o(i.rt_sem_psh) for rt_sem_psh
    rt_system.o(i.rt_pop_req) refers to rt_list.o(i.rt_get_first) for rt_get_first
    rt_system.o(i.rt_pop_req) refers to rt_task.o(i.rt_switch_req) for rt_switch_req
    rt_system.o(i.rt_pop_req) refers to rt_event.o(i.rt_evt_psh) for rt_evt_psh
    rt_system.o(i.rt_pop_req) refers to rt_mailbox.o(i.rt_mbx_psh) for rt_mbx_psh
    rt_system.o(i.rt_pop_req) refers to rt_task.o(.data) for os_tsk
    rt_system.o(i.rt_pop_req) refers to rtx_conf_cm.o(.bss) for os_fifo
    rt_system.o(i.rt_pop_req) refers to rt_list.o(.bss) for os_rdy
    rt_system.o(i.rt_psh_req) refers to rt_system.o(.data) for .data
    rt_system.o(i.rt_resume) refers to rt_list.o(i.rt_put_rdy_first) for rt_put_rdy_first
    rt_system.o(i.rt_resume) refers to rt_list.o(i.rt_dec_dly) for rt_dec_dly
    rt_system.o(i.rt_resume) refers to rt_cmsis.o(i.sysUserTimerUpdate) for sysUserTimerUpdate
    rt_system.o(i.rt_resume) refers to rt_list.o(i.rt_get_first) for rt_get_first
    rt_system.o(i.rt_resume) refers to rt_task.o(i.rt_switch_req) for rt_switch_req
    rt_system.o(i.rt_resume) refers to rt_system.o(i.rt_tsk_unlock) for rt_tsk_unlock
    rt_system.o(i.rt_resume) refers to rt_task.o(.data) for os_tsk
    rt_system.o(i.rt_resume) refers to rt_robin.o(.data) for os_robin
    rt_system.o(i.rt_resume) refers to rt_list.o(.bss) for os_dly
    rt_system.o(i.rt_resume) refers to rt_time.o(.data) for os_time
    rt_system.o(i.rt_stk_check) refers to rtx_conf_cm.o(i.os_error) for os_error
    rt_system.o(i.rt_stk_check) refers to rt_task.o(.data) for os_tsk
    rt_system.o(i.rt_suspend) refers to rt_system.o(i.rt_tsk_lock) for rt_tsk_lock
    rt_system.o(i.rt_suspend) refers to rt_cmsis.o(i.sysUserTimerWakeupTime) for sysUserTimerWakeupTime
    rt_system.o(i.rt_suspend) refers to rt_list.o(.bss) for os_dly
    rt_system.o(i.rt_systick) refers to rt_list.o(i.rt_put_rdy_first) for rt_put_rdy_first
    rt_system.o(i.rt_systick) refers to rtx_conf_cm.o(i.rt_chk_robin) for rt_chk_robin
    rt_system.o(i.rt_systick) refers to rt_list.o(i.rt_dec_dly) for rt_dec_dly
    rt_system.o(i.rt_systick) refers to rt_cmsis.o(i.sysTimerTick) for sysTimerTick
    rt_system.o(i.rt_systick) refers to rt_list.o(i.rt_get_first) for rt_get_first
    rt_system.o(i.rt_systick) refers to rt_task.o(i.rt_switch_req) for rt_switch_req
    rt_system.o(i.rt_systick) refers to rt_task.o(.data) for os_tsk
    rt_system.o(i.rt_systick) refers to rt_time.o(.data) for os_time
    rt_system.o(i.rt_systick) refers to rt_list.o(.bss) for os_rdy
    rt_system.o(i.rt_tsk_lock) refers to rt_system.o(.data) for .data
    rt_system.o(i.rt_tsk_unlock) refers to rt_system.o(.data) for .data
    rt_event.o(i.isr_evt_set) refers to rt_list.o(i.rt_psq_enq) for rt_psq_enq
    rt_event.o(i.isr_evt_set) refers to rt_system.o(i.rt_psh_req) for rt_psh_req
    rt_event.o(i.isr_evt_set) refers to rtx_conf_cm.o(.bss) for os_active_TCB
    rt_event.o(i.rt_evt_clr) refers to rtx_conf_cm.o(.bss) for os_active_TCB
    rt_event.o(i.rt_evt_get) refers to rt_task.o(.data) for os_tsk
    rt_event.o(i.rt_evt_psh) refers to rt_list.o(i.rt_rmv_dly) for rt_rmv_dly
    rt_event.o(i.rt_evt_psh) refers to hal_cm.o(i.rt_ret_val2) for rt_ret_val2
    rt_event.o(i.rt_evt_psh) refers to rt_list.o(i.rt_put_prio) for rt_put_prio
    rt_event.o(i.rt_evt_psh) refers to rt_list.o(.bss) for os_rdy
    rt_event.o(i.rt_evt_set) refers to rt_list.o(i.rt_rmv_dly) for rt_rmv_dly
    rt_event.o(i.rt_evt_set) refers to hal_cm.o(i.rt_ret_val2) for rt_ret_val2
    rt_event.o(i.rt_evt_set) refers to rt_task.o(i.rt_dispatch) for rt_dispatch
    rt_event.o(i.rt_evt_set) refers to rtx_conf_cm.o(.bss) for os_active_TCB
    rt_event.o(i.rt_evt_wait) refers to rt_task.o(i.rt_block) for rt_block
    rt_event.o(i.rt_evt_wait) refers to rt_task.o(.data) for os_tsk
    rt_list.o(i.rt_dec_dly) refers to rt_list.o(i.rt_put_prio) for rt_put_prio
    rt_list.o(i.rt_dec_dly) refers to rt_list.o(.bss) for .bss
    rt_list.o(i.rt_dec_dly) refers to rt_time.o(.data) for os_time
    rt_list.o(i.rt_get_same_rdy_prio) refers to rt_list.o(.bss) for .bss
    rt_list.o(i.rt_get_same_rdy_prio) refers to rt_task.o(.data) for os_tsk
    rt_list.o(i.rt_psq_enq) refers to rtx_conf_cm.o(i.os_error) for os_error
    rt_list.o(i.rt_psq_enq) refers to rtx_conf_cm.o(.bss) for os_fifo
    rt_list.o(i.rt_put_dly) refers to rt_list.o(.bss) for .bss
    rt_list.o(i.rt_put_rdy_first) refers to rt_list.o(.bss) for .bss
    rt_list.o(i.rt_resort_prio) refers to rt_list.o(i.rt_rmv_list) for rt_rmv_list
    rt_list.o(i.rt_resort_prio) refers to rt_list.o(i.rt_put_prio) for rt_put_prio
    rt_list.o(i.rt_resort_prio) refers to rt_list.o(.bss) for .bss
    rt_list.o(i.rt_rmv_list) refers to rt_list.o(.bss) for .bss
    rt_mailbox.o(i.isr_mbx_receive) refers to rt_list.o(i.rt_psq_enq) for rt_psq_enq
    rt_mailbox.o(i.isr_mbx_receive) refers to rt_system.o(i.rt_psh_req) for rt_psh_req
    rt_mailbox.o(i.isr_mbx_send) refers to rt_list.o(i.rt_psq_enq) for rt_psq_enq
    rt_mailbox.o(i.isr_mbx_send) refers to rt_system.o(i.rt_psh_req) for rt_psh_req
    rt_mailbox.o(i.rt_mbx_psh) refers to rt_membox.o(i.rt_alloc_box) for rt_alloc_box
    rt_mailbox.o(i.rt_mbx_psh) refers to rt_list.o(i.rt_get_first) for rt_get_first
    rt_mailbox.o(i.rt_mbx_psh) refers to hal_cm.o(i.rt_ret_val) for rt_ret_val
    rt_mailbox.o(i.rt_mbx_psh) refers to rt_list.o(i.rt_rmv_dly) for rt_rmv_dly
    rt_mailbox.o(i.rt_mbx_psh) refers to rt_list.o(i.rt_put_prio) for rt_put_prio
    rt_mailbox.o(i.rt_mbx_psh) refers to hal_cm.o(i.rt_ret_val2) for rt_ret_val2
    rt_mailbox.o(i.rt_mbx_psh) refers to rtx_conf_cm.o(i.os_error) for os_error
    rt_mailbox.o(i.rt_mbx_psh) refers to rt_list.o(.bss) for os_rdy
    rt_mailbox.o(i.rt_mbx_send) refers to rt_list.o(i.rt_put_prio) for rt_put_prio
    rt_mailbox.o(i.rt_mbx_send) refers to rt_list.o(i.rt_get_first) for rt_get_first
    rt_mailbox.o(i.rt_mbx_send) refers to hal_cm.o(i.rt_ret_val2) for rt_ret_val2
    rt_mailbox.o(i.rt_mbx_send) refers to rt_list.o(i.rt_rmv_dly) for rt_rmv_dly
    rt_mailbox.o(i.rt_mbx_send) refers to rt_task.o(i.rt_dispatch) for rt_dispatch
    rt_mailbox.o(i.rt_mbx_send) refers to rt_task.o(i.rt_block) for rt_block
    rt_mailbox.o(i.rt_mbx_send) refers to rt_task.o(.data) for os_tsk
    rt_mailbox.o(i.rt_mbx_wait) refers to rt_list.o(i.rt_get_first) for rt_get_first
    rt_mailbox.o(i.rt_mbx_wait) refers to hal_cm.o(i.rt_ret_val) for rt_ret_val
    rt_mailbox.o(i.rt_mbx_wait) refers to rt_list.o(i.rt_rmv_dly) for rt_rmv_dly
    rt_mailbox.o(i.rt_mbx_wait) refers to rt_task.o(i.rt_dispatch) for rt_dispatch
    rt_mailbox.o(i.rt_mbx_wait) refers to rt_list.o(i.rt_put_prio) for rt_put_prio
    rt_mailbox.o(i.rt_mbx_wait) refers to rt_task.o(i.rt_block) for rt_block
    rt_mailbox.o(i.rt_mbx_wait) refers to rt_task.o(.data) for os_tsk
    rt_semaphore.o(i.isr_sem_send) refers to rt_list.o(i.rt_psq_enq) for rt_psq_enq
    rt_semaphore.o(i.isr_sem_send) refers to rt_system.o(i.rt_psh_req) for rt_psh_req
    rt_semaphore.o(i.rt_sem_delete) refers to rt_list.o(i.rt_get_first) for rt_get_first
    rt_semaphore.o(i.rt_sem_delete) refers to hal_cm.o(i.rt_ret_val) for rt_ret_val
    rt_semaphore.o(i.rt_sem_delete) refers to rt_list.o(i.rt_rmv_dly) for rt_rmv_dly
    rt_semaphore.o(i.rt_sem_delete) refers to rt_list.o(i.rt_put_prio) for rt_put_prio
    rt_semaphore.o(i.rt_sem_delete) refers to rt_task.o(i.rt_dispatch) for rt_dispatch
    rt_semaphore.o(i.rt_sem_delete) refers to rt_list.o(.bss) for os_rdy
    rt_semaphore.o(i.rt_sem_delete) refers to rt_task.o(.data) for os_tsk
    rt_semaphore.o(i.rt_sem_psh) refers to rt_list.o(i.rt_get_first) for rt_get_first
    rt_semaphore.o(i.rt_sem_psh) refers to rt_list.o(i.rt_rmv_dly) for rt_rmv_dly
    rt_semaphore.o(i.rt_sem_psh) refers to hal_cm.o(i.rt_ret_val) for rt_ret_val
    rt_semaphore.o(i.rt_sem_psh) refers to rt_list.o(i.rt_put_prio) for rt_put_prio
    rt_semaphore.o(i.rt_sem_psh) refers to rt_list.o(.bss) for os_rdy
    rt_semaphore.o(i.rt_sem_send) refers to rt_list.o(i.rt_get_first) for rt_get_first
    rt_semaphore.o(i.rt_sem_send) refers to hal_cm.o(i.rt_ret_val) for rt_ret_val
    rt_semaphore.o(i.rt_sem_send) refers to rt_list.o(i.rt_rmv_dly) for rt_rmv_dly
    rt_semaphore.o(i.rt_sem_send) refers to rt_task.o(i.rt_dispatch) for rt_dispatch
    rt_semaphore.o(i.rt_sem_wait) refers to rt_list.o(i.rt_put_prio) for rt_put_prio
    rt_semaphore.o(i.rt_sem_wait) refers to rt_task.o(i.rt_block) for rt_block
    rt_semaphore.o(i.rt_sem_wait) refers to rt_task.o(.data) for os_tsk
    rt_time.o(i.rt_dly_wait) refers to rt_task.o(i.rt_block) for rt_block
    rt_time.o(i.rt_itv_set) refers to rt_task.o(.data) for os_tsk
    rt_time.o(i.rt_itv_set) refers to rt_time.o(.data) for .data
    rt_time.o(i.rt_itv_wait) refers to rt_task.o(i.rt_block) for rt_block
    rt_time.o(i.rt_itv_wait) refers to rt_task.o(.data) for os_tsk
    rt_time.o(i.rt_itv_wait) refers to rt_time.o(.data) for .data
    rt_time.o(i.rt_time_get) refers to rt_time.o(.data) for .data
    rt_mutex.o(i.rt_mut_delete) refers to rt_list.o(i.rt_resort_prio) for rt_resort_prio
    rt_mutex.o(i.rt_mut_delete) refers to rt_list.o(i.rt_get_first) for rt_get_first
    rt_mutex.o(i.rt_mut_delete) refers to hal_cm.o(i.rt_ret_val) for rt_ret_val
    rt_mutex.o(i.rt_mut_delete) refers to rt_list.o(i.rt_rmv_dly) for rt_rmv_dly
    rt_mutex.o(i.rt_mut_delete) refers to rt_list.o(i.rt_put_prio) for rt_put_prio
    rt_mutex.o(i.rt_mut_delete) refers to rt_task.o(i.rt_dispatch) for rt_dispatch
    rt_mutex.o(i.rt_mut_delete) refers to rt_task.o(.data) for os_tsk
    rt_mutex.o(i.rt_mut_delete) refers to rt_list.o(.bss) for os_rdy
    rt_mutex.o(i.rt_mut_release) refers to rt_list.o(i.rt_get_first) for rt_get_first
    rt_mutex.o(i.rt_mut_release) refers to hal_cm.o(i.rt_ret_val) for rt_ret_val
    rt_mutex.o(i.rt_mut_release) refers to rt_list.o(i.rt_rmv_dly) for rt_rmv_dly
    rt_mutex.o(i.rt_mut_release) refers to rt_list.o(i.rt_put_prio) for rt_put_prio
    rt_mutex.o(i.rt_mut_release) refers to rt_task.o(i.rt_dispatch) for rt_dispatch
    rt_mutex.o(i.rt_mut_release) refers to rt_task.o(.data) for os_tsk
    rt_mutex.o(i.rt_mut_release) refers to rt_list.o(.bss) for os_rdy
    rt_mutex.o(i.rt_mut_wait) refers to rt_list.o(i.rt_resort_prio) for rt_resort_prio
    rt_mutex.o(i.rt_mut_wait) refers to rt_list.o(i.rt_put_prio) for rt_put_prio
    rt_mutex.o(i.rt_mut_wait) refers to rt_task.o(i.rt_block) for rt_block
    rt_mutex.o(i.rt_mut_wait) refers to rt_task.o(.data) for os_tsk
    rt_membox.o(i._calloc_box) refers to hal_cm3.o(.emb_text) for _alloc_box
    hal_cm.o(i.dbg_init) refers to hal_cm.o(.data) for .data
    hal_cm.o(i.rt_init_stack) refers to rtx_conf_cm.o(.constdata) for os_stackinfo
    rt_robin.o(i.rt_chk_robin) refers to rt_list.o(i.rt_get_first) for rt_get_first
    rt_robin.o(i.rt_chk_robin) refers to rt_list.o(i.rt_put_prio) for rt_put_prio
    rt_robin.o(i.rt_chk_robin) refers to rt_robin.o(.data) for .data
    rt_robin.o(i.rt_chk_robin) refers to rt_list.o(.bss) for os_rdy
    rt_robin.o(i.rt_chk_robin) refers to rt_time.o(.data) for os_time
    rt_robin.o(i.rt_init_robin) refers to rt_robin.o(.data) for .data
    rt_robin.o(i.rt_init_robin) refers to rtx_conf_cm.o(.constdata) for os_rrobin
    hal_cm3.o(.emb_text) refers to rtx_conf_cm.o(.constdata) for os_flags
    hal_cm3.o(.emb_text) refers to rt_membox.o(i.rt_alloc_box) for rt_alloc_box
    hal_cm3.o(.emb_text) refers to rt_membox.o(i.rt_free_box) for rt_free_box
    hal_cm3.o(.emb_text) refers to rt_system.o(i.rt_stk_check) for rt_stk_check
    hal_cm3.o(.emb_text) refers to rt_task.o(.data) for os_tsk
    hal_cm3.o(.emb_text) refers to svc_table.o(SVC_TABLE) for SVC_Count
    hal_cm3.o(.emb_text) refers to rt_system.o(i.rt_pop_req) for rt_pop_req
    hal_cm3.o(.emb_text) refers to rt_system.o(i.rt_systick) for rt_systick
    hal_cm3.o(.emb_text) refers to rt_system.o(i.os_tick_irqack) for os_tick_irqack
    entry.o(.ARM.Collect$$$$00000000) refers (Special) to entry10a.o(.ARM.Collect$$$$0000000F) for __rt_final_cpp
    entry.o(.ARM.Collect$$$$00000000) refers (Special) to entry11a.o(.ARM.Collect$$$$00000011) for __rt_final_exit
    entry.o(.ARM.Collect$$$$00000000) refers (Special) to entry12b.o(.ARM.Collect$$$$0000000E) for __rt_lib_shutdown_fini
    entry.o(.ARM.Collect$$$$00000000) refers (Special) to entry7b.o(.ARM.Collect$$$$00000008) for _main_clock
    entry.o(.ARM.Collect$$$$00000000) refers (Special) to entry8b.o(.ARM.Collect$$$$0000000A) for _main_cpp_init
    entry.o(.ARM.Collect$$$$00000000) refers (Special) to rtx_conf_cm.o(.ARM.Collect$$$$000000FF) for _main_init
    entry.o(.ARM.Collect$$$$00000000) refers (Special) to entry5.o(.ARM.Collect$$$$00000004) for _main_scatterload
    entry.o(.ARM.Collect$$$$00000000) refers (Special) to entry2.o(.ARM.Collect$$$$00000001) for _main_stk
    uldiv.o(.text) refers to llushr.o(.text) for __aeabi_llsr
    uldiv.o(.text) refers to llshl.o(.text) for __aeabi_llsl
    entry2.o(.ARM.Collect$$$$00000001) refers to entry2.o(.ARM.Collect$$$$00002712) for __lit__00000000
    entry2.o(.ARM.Collect$$$$00002712) refers to startup_lpc17xx.o(STACK) for __initial_sp
    entry2.o(__vectab_stack_and_reset_area) refers to startup_lpc17xx.o(STACK) for __initial_sp
    entry2.o(__vectab_stack_and_reset_area) refers to entry.o(.ARM.Collect$$$$00000000) for __main
    entry5.o(.ARM.Collect$$$$00000004) refers to init.o(.text) for __scatterload
    init.o(.text) refers to entry5.o(.ARM.Collect$$$$00000004) for __main_after_scatterload


==============================================================================

Removing Unused input sections from the image.

    Removing led_mcb1700.o(.rev16_text), (4 bytes).
    Removing led_mcb1700.o(.revsh_text), (4 bytes).
    Removing led_mcb1700.o(.rrx_text), (6 bytes).
    Removing led_mcb1700.o(i.LED_GetCount), (4 bytes).
    Removing led_mcb1700.o(i.LED_Off), (44 bytes).
    Removing led_mcb1700.o(i.LED_On), (44 bytes).
    Removing led_mcb1700.o(i.LED_SetOut), (40 bytes).
    Removing led_mcb1700.o(i.LED_Uninitialize), (48 bytes).
    Removing gpio_lpc17xx.o(.rev16_text), (4 bytes).
    Removing gpio_lpc17xx.o(.revsh_text), (4 bytes).
    Removing gpio_lpc17xx.o(.rrx_text), (6 bytes).
    Removing gpio_lpc17xx.o(i.GPIO_PinRead), (32 bytes).
    Removing gpio_lpc17xx.o(i.GPIO_PortRead), (20 bytes).
    Removing gpio_lpc17xx.o(i.GPIO_PortWrite), (32 bytes).
    Removing pin_lpc17xx.o(.rev16_text), (4 bytes).
    Removing pin_lpc17xx.o(.revsh_text), (4 bytes).
    Removing pin_lpc17xx.o(.rrx_text), (6 bytes).
    Removing pin_lpc17xx.o(i.PIN_ConfigureI2C0Pins), (32 bytes).
    Removing pin_lpc17xx.o(i.PIN_ConfigureTPIU), (40 bytes).
    Removing startup_lpc17xx.o(HEAP), (0 bytes).
    Removing system_lpc17xx.o(.rev16_text), (4 bytes).
    Removing system_lpc17xx.o(.revsh_text), (4 bytes).
    Removing system_lpc17xx.o(.rrx_text), (6 bytes).
    Removing system_lpc17xx.o(i.SystemCoreClockUpdate), (424 bytes).
    Removing system_lpc17xx.o(.data), (4 bytes).
    Removing rt_cmsis.o(.rev16_text), (4 bytes).
    Removing rt_cmsis.o(.revsh_text), (4 bytes).
    Removing rt_cmsis.o(.rrx_text), (6 bytes).
    Removing rt_cmsis.o(i.isrSemaphoreRelease), (40 bytes).
    Removing rt_cmsis.o(i.osKernelRunning), (36 bytes).
    Removing rt_cmsis.o(i.osKernelSysTick), (24 bytes).
    Removing rt_cmsis.o(i.osMailAlloc), (28 bytes).
    Removing rt_cmsis.o(i.osMailCAlloc), (48 bytes).
    Removing rt_cmsis.o(i.osMailCreate), (44 bytes).
    Removing rt_cmsis.o(i.osMailFree), (28 bytes).
    Removing rt_cmsis.o(i.osMailGet), (22 bytes).
    Removing rt_cmsis.o(i.osMailPut), (20 bytes).
    Removing rt_cmsis.o(i.osMessageCreate), (44 bytes).
    Removing rt_cmsis.o(i.osMessagePut), (24 bytes).
    Removing rt_cmsis.o(i.osMutexCreate), (44 bytes).
    Removing rt_cmsis.o(i.osMutexDelete), (24 bytes).
    Removing rt_cmsis.o(i.osMutexRelease), (24 bytes).
    Removing rt_cmsis.o(i.osMutexWait), (24 bytes).
    Removing rt_cmsis.o(i.osPoolAlloc), (32 bytes).
    Removing rt_cmsis.o(i.osPoolCAlloc), (52 bytes).
    Removing rt_cmsis.o(i.osPoolCreate), (44 bytes).
    Removing rt_cmsis.o(i.osPoolFree), (32 bytes).
    Removing rt_cmsis.o(i.osSemaphoreCreate), (44 bytes).
    Removing rt_cmsis.o(i.osSemaphoreDelete), (24 bytes).
    Removing rt_cmsis.o(i.osSemaphoreRelease), (24 bytes).
    Removing rt_cmsis.o(i.osSemaphoreWait), (24 bytes).
    Removing rt_cmsis.o(i.osSignalClear), (24 bytes).
    Removing rt_cmsis.o(i.osThreadGetPriority), (24 bytes).
    Removing rt_cmsis.o(i.osThreadYield), (24 bytes).
    Removing rt_cmsis.o(i.osTimerCreate), (44 bytes).
    Removing rt_cmsis.o(i.osTimerDelete), (24 bytes).
    Removing rt_cmsis.o(i.osTimerStart), (24 bytes).
    Removing rt_cmsis.o(i.osTimerStop), (24 bytes).
    Removing rt_cmsis.o(i.osWait), (4 bytes).
    Removing rt_cmsis.o(i.os_resume), (12 bytes).
    Removing rt_cmsis.o(i.os_suspend), (12 bytes).
    Removing rt_cmsis.o(i.rt_clr_box), (24 bytes).
    Removing rt_cmsis.o(i.rt_timer_remove), (60 bytes).
    Removing rt_cmsis.o(i.svcKernelRunning), (12 bytes).
    Removing rt_cmsis.o(i.svcKernelSysTick), (56 bytes).
    Removing rt_cmsis.o(i.svcMailCreate), (66 bytes).
    Removing rt_cmsis.o(i.svcMessagePut), (54 bytes).
    Removing rt_cmsis.o(i.svcMutexCreate), (28 bytes).
    Removing rt_cmsis.o(i.svcMutexDelete), (26 bytes).
    Removing rt_cmsis.o(i.svcMutexRelease), (34 bytes).
    Removing rt_cmsis.o(i.svcMutexWait), (58 bytes).
    Removing rt_cmsis.o(i.svcPoolCreate), (40 bytes).
    Removing rt_cmsis.o(i.svcSemaphoreCreate), (36 bytes).
    Removing rt_cmsis.o(i.svcSemaphoreDelete), (26 bytes).
    Removing rt_cmsis.o(i.svcSemaphoreRelease), (40 bytes).
    Removing rt_cmsis.o(i.svcSemaphoreWait), (50 bytes).
    Removing rt_cmsis.o(i.svcSignalClear), (36 bytes).
    Removing rt_cmsis.o(i.svcThreadGetPriority), (18 bytes).
    Removing rt_cmsis.o(i.svcThreadYield), (10 bytes).
    Removing rt_cmsis.o(i.svcTimerCreate), (56 bytes).
    Removing rt_cmsis.o(i.svcTimerDelete), (40 bytes).
    Removing rt_cmsis.o(i.svcTimerStart), (100 bytes).
    Removing rt_cmsis.o(i.svcTimerStop), (36 bytes).
    Removing rt_cmsis.o(i.sysMailAlloc), (88 bytes).
    Removing rt_cmsis.o(i.sysMailFree), (96 bytes).
    Removing rt_cmsis.o(i.sysPoolAlloc), (10 bytes).
    Removing rt_cmsis.o(i.sysPoolFree), (20 bytes).
    Removing rt_cmsis.o(i.sysUserTimerUpdate), (48 bytes).
    Removing rt_cmsis.o(i.sysUserTimerWakeupTime), (20 bytes).
    Removing rt_task.o(i.rt_tsk_pass), (48 bytes).
    Removing rt_system.o(.emb_text), (0 bytes).
    Removing rt_system.o(i.os_tick_ovf), (16 bytes).
    Removing rt_system.o(i.os_tick_val), (20 bytes).
    Removing rt_system.o(i.rt_resume), (136 bytes).
    Removing rt_system.o(i.rt_suspend), (36 bytes).
    Removing rt_system.o(i.rt_tsk_lock), (80 bytes).
    Removing rt_system.o(i.rt_tsk_unlock), (80 bytes).
    Removing rt_event.o(i.rt_evt_clr), (28 bytes).
    Removing rt_event.o(i.rt_evt_get), (12 bytes).
    Removing rt_list.o(i.rt_get_same_rdy_prio), (36 bytes).
    Removing rt_mailbox.o(i.rt_mbx_send), (152 bytes).
    Removing rt_semaphore.o(i.isr_sem_send), (16 bytes).
    Removing rt_semaphore.o(i.rt_sem_delete), (92 bytes).
    Removing rt_semaphore.o(i.rt_sem_init), (12 bytes).
    Removing rt_semaphore.o(i.rt_sem_send), (42 bytes).
    Removing rt_semaphore.o(i.rt_sem_wait), (64 bytes).
    Removing rt_time.o(i.rt_itv_set), (24 bytes).
    Removing rt_time.o(i.rt_itv_wait), (40 bytes).
    Removing rt_time.o(i.rt_time_get), (12 bytes).
    Removing rt_mutex.o(i.rt_mut_delete), (176 bytes).
    Removing rt_mutex.o(i.rt_mut_init), (16 bytes).
    Removing rt_mutex.o(i.rt_mut_release), (216 bytes).
    Removing rt_mutex.o(i.rt_mut_wait), (120 bytes).
    Removing rt_membox.o(i._calloc_box), (30 bytes).
    Removing rt_robin.o(i.rt_chk_robin), (72 bytes).
    Removing rt_robin.o(i.rt_init_robin), (24 bytes).
    Removing rt_robin.o(.data), (8 bytes).

117 unused section(s) (total 4596 bytes) removed from the image.

==============================================================================

Image Symbol Table

    Local Symbols

    Symbol Name                              Value     Ov Type        Size  Object(Section)

    RESET                                    0x00000000   Section      204  startup_lpc17xx.o(RESET)
    ../clib/microlib/division.c              0x00000000   Number         0  uldiv.o ABSOLUTE
    ../clib/microlib/init/entry.s            0x00000000   Number         0  entry11a.o ABSOLUTE
    ../clib/microlib/init/entry.s            0x00000000   Number         0  entry11b.o ABSOLUTE
    ../clib/microlib/init/entry.s            0x00000000   Number         0  entry7a.o ABSOLUTE
    ../clib/microlib/init/entry.s            0x00000000   Number         0  entry2.o ABSOLUTE
    ../clib/microlib/init/entry.s            0x00000000   Number         0  entry12a.o ABSOLUTE
    ../clib/microlib/init/entry.s            0x00000000   Number         0  entry5.o ABSOLUTE
    ../clib/microlib/init/entry.s            0x00000000   Number         0  entry.o ABSOLUTE
    ../clib/microlib/init/entry.s            0x00000000   Number         0  entry10b.o ABSOLUTE
    ../clib/microlib/init/entry.s            0x00000000   Number         0  entry10a.o ABSOLUTE
    ../clib/microlib/init/entry.s            0x00000000   Number         0  entry8a.o ABSOLUTE
    ../clib/microlib/init/entry.s            0x00000000   Number         0  entry12b.o ABSOLUTE
    ../clib/microlib/init/entry.s            0x00000000   Number         0  entry8b.o ABSOLUTE
    ../clib/microlib/init/entry.s            0x00000000   Number         0  entry7b.o ABSOLUTE
    ../clib/microlib/longlong.c              0x00000000   Number         0  llshl.o ABSOLUTE
    ../clib/microlib/longlong.c              0x00000000   Number         0  llushr.o ABSOLUTE
    ..\HAL_CM.c                              0x00000000   Number         0  hal_cm.o ABSOLUTE
    ..\\rt_CMSIS.c                           0x00000000   Number         0  rt_cmsis.o ABSOLUTE
    ..\\rt_System.c                          0x00000000   Number         0  rt_system.o ABSOLUTE
    ..\rt_CMSIS.c                            0x00000000   Number         0  rt_cmsis.o ABSOLUTE
    ..\rt_Event.c                            0x00000000   Number         0  rt_event.o ABSOLUTE
    ..\rt_List.c                             0x00000000   Number         0  rt_list.o ABSOLUTE
    ..\rt_Mailbox.c                          0x00000000   Number         0  rt_mailbox.o ABSOLUTE
    ..\rt_MemBox.c                           0x00000000   Number         0  rt_membox.o ABSOLUTE
    ..\rt_Memory.c                           0x00000000   Number         0  rt_memory.o ABSOLUTE
    ..\rt_Mutex.c                            0x00000000   Number         0  rt_mutex.o ABSOLUTE
    ..\rt_Robin.c                            0x00000000   Number         0  rt_robin.o ABSOLUTE
    ..\rt_Semaphore.c                        0x00000000   Number         0  rt_semaphore.o ABSOLUTE
    ..\rt_System.c                           0x00000000   Number         0  rt_system.o ABSOLUTE
    ..\rt_Task.c                             0x00000000   Number         0  rt_task.o ABSOLUTE
    ..\rt_Time.c                             0x00000000   Number         0  rt_time.o ABSOLUTE
    C:\Users\Gurneer\AppData\Local\Arm\Packs\Keil\LPC1700_DFP\2.7.0\Boards\Keil\MCB1700\Common\LED_MCB1700.c 0x00000000   Number         0  led_mcb1700.o ABSOLUTE
    C:\Users\Gurneer\AppData\Local\Arm\Packs\Keil\LPC1700_DFP\2.7.0\RTE_Driver\GPIO_LPC17xx.c 0x00000000   Number         0  gpio_lpc17xx.o ABSOLUTE
    C:\Users\Gurneer\AppData\Local\Arm\Packs\Keil\LPC1700_DFP\2.7.0\RTE_Driver\PIN_LPC17xx.c 0x00000000   Number         0  pin_lpc17xx.o ABSOLUTE
    C:\\Users\\Gurneer\\AppData\\Local\\Arm\\Packs\\Keil\\LPC1700_DFP\\2.7.0\\Boards\\Keil\\MCB1700\\Common\\LED_MCB1700.c 0x00000000   Number         0  led_mcb1700.o ABSOLUTE
    C:\\Users\\Gurneer\\AppData\\Local\\Arm\\Packs\\Keil\\LPC1700_DFP\\2.7.0\\RTE_Driver\\GPIO_LPC17xx.c 0x00000000   Number         0  gpio_lpc17xx.o ABSOLUTE
    C:\\Users\\Gurneer\\AppData\\Local\\Arm\\Packs\\Keil\\LPC1700_DFP\\2.7.0\\RTE_Driver\\PIN_LPC17xx.c 0x00000000   Number         0  pin_lpc17xx.o ABSOLUTE
    HAL_CM3.c                                0x00000000   Number         0  hal_cm3.o ABSOLUTE
    HAL_CM3.c                                0x00000000   Number         0  hal_cm3.o ABSOLUTE
    RTE\CMSIS\RTX_Conf_CM.c                  0x00000000   Number         0  rtx_conf_cm.o ABSOLUTE
    RTE\Device\LPC1768\startup_LPC17xx.s     0x00000000   Number         0  startup_lpc17xx.o ABSOLUTE
    RTE\Device\LPC1768\system_LPC17xx.c      0x00000000   Number         0  system_lpc17xx.o ABSOLUTE
    RTE\\Device\\LPC1768\\system_LPC17xx.c   0x00000000   Number         0  system_lpc17xx.o ABSOLUTE
    SVC_Table.s                              0x00000000   Number         0  svc_table.o ABSOLUTE
    dc.s                                     0x00000000   Number         0  dc.o ABSOLUTE
    handlers.s                               0x00000000   Number         0  handlers.o ABSOLUTE
    init.s                                   0x00000000   Number         0  init.o ABSOLUTE
    priority_inv.c                           0x00000000   Number         0  priority_inv.o ABSOLUTE
    .ARM.Collect$$$$00000000                 0x000000cc   Section        0  entry.o(.ARM.Collect$$$$00000000)
    .ARM.Collect$$$$00000001                 0x000000cc   Section        4  entry2.o(.ARM.Collect$$$$00000001)
    .ARM.Collect$$$$00000004                 0x000000d0   Section        4  entry5.o(.ARM.Collect$$$$00000004)
    .ARM.Collect$$$$00000008                 0x000000d4   Section        0  entry7b.o(.ARM.Collect$$$$00000008)
    .ARM.Collect$$$$0000000A                 0x000000d4   Section        0  entry8b.o(.ARM.Collect$$$$0000000A)
    .ARM.Collect$$$$0000000E                 0x000000d4   Section        4  entry12b.o(.ARM.Collect$$$$0000000E)
    .ARM.Collect$$$$0000000F                 0x000000d8   Section        0  entry10a.o(.ARM.Collect$$$$0000000F)
    .ARM.Collect$$$$00000011                 0x000000d8   Section        0  entry11a.o(.ARM.Collect$$$$00000011)
    .ARM.Collect$$$$000000FF                 0x000000d8   Section        0  rtx_conf_cm.o(.ARM.Collect$$$$000000FF)
    .ARM.Collect$$$$00002712                 0x000000f0   Section        4  entry2.o(.ARM.Collect$$$$00002712)
    __lit__00000000                          0x000000f0   Data           4  entry2.o(.ARM.Collect$$$$00002712)
    .emb_text                                0x000000f4   Section      304  hal_cm3.o(.emb_text)
    .text                                    0x00000224   Section       36  startup_lpc17xx.o(.text)
    .text                                    0x00000248   Section       36  init.o(.text)
    SVC_TABLE                                0x0000026c   Section        4  svc_table.o(SVC_TABLE)
    i.GPIO_PinWrite                          0x00000270   Section        0  gpio_lpc17xx.o(i.GPIO_PinWrite)
    i.GPIO_PortClock                         0x00000298   Section        0  gpio_lpc17xx.o(i.GPIO_PortClock)
    i.GPIO_SetDir                            0x000002c4   Section        0  gpio_lpc17xx.o(i.GPIO_SetDir)
    .ARM.__at_0x02FC                         0x000002fc   Section        4  startup_lpc17xx.o(.ARM.__at_0x02FC)
    i.LED_Initialize                         0x00000300   Section        0  led_mcb1700.o(i.LED_Initialize)
    i.PA                                     0x0000035c   Section        0  priority_inv.o(i.PA)
    i.PB                                     0x00000384   Section        0  priority_inv.o(i.PB)
    i.PC                                     0x00000394   Section        0  priority_inv.o(i.PC)
    i.PIN_Configure                          0x000003bc   Section        0  pin_lpc17xx.o(i.PIN_Configure)
    i.SystemInit                             0x000004b8   Section        0  system_lpc17xx.o(i.SystemInit)
    i.__scatterload_copy                     0x000005f8   Section       14  handlers.o(i.__scatterload_copy)
    i.__scatterload_null                     0x00000606   Section        2  handlers.o(i.__scatterload_null)
    i.__scatterload_zeroinit                 0x00000608   Section       14  handlers.o(i.__scatterload_zeroinit)
    i._init_box                              0x00000616   Section        0  rt_membox.o(i._init_box)
    i.dbg_init                               0x0000065c   Section        0  hal_cm.o(i.dbg_init)
    i.dbg_task_notify                        0x0000068c   Section        0  hal_cm.o(i.dbg_task_notify)
    i.dbg_task_switch                        0x000006ac   Section        0  hal_cm.o(i.dbg_task_switch)
    i.delay                                  0x000006bc   Section        0  priority_inv.o(i.delay)
    i.isrMessageGet                          0x000006cc   Section        0  rt_cmsis.o(i.isrMessageGet)
    i.isrMessagePut                          0x000006f6   Section        0  rt_cmsis.o(i.isrMessagePut)
    i.isrSignalSet                           0x00000722   Section        0  rt_cmsis.o(i.isrSignalSet)
    i.isr_evt_set                            0x00000748   Section        0  rt_event.o(i.isr_evt_set)
    i.isr_mbx_receive                        0x00000770   Section        0  rt_mailbox.o(i.isr_mbx_receive)
    i.isr_mbx_send                           0x000007c6   Section        0  rt_mailbox.o(i.isr_mbx_send)
    i.main                                   0x000007d4   Section        0  priority_inv.o(i.main)
    i.osDelay                                0x0000084c   Section        0  rt_cmsis.o(i.osDelay)
    i.osKernelInitialize                     0x00000864   Section        0  rt_cmsis.o(i.osKernelInitialize)
    i.osKernelStart                          0x00000888   Section        0  rt_cmsis.o(i.osKernelStart)
    i.osMessageGet                           0x000008f4   Section        0  rt_cmsis.o(i.osMessageGet)
    i.osSignalSet                            0x0000090c   Section        0  rt_cmsis.o(i.osSignalSet)
    i.osSignalWait                           0x00000924   Section        0  rt_cmsis.o(i.osSignalWait)
    i.osThreadCreate                         0x0000093c   Section        0  rt_cmsis.o(i.osThreadCreate)
    i.osThreadExit                           0x00000968   Section        0  rt_cmsis.o(i.osThreadExit)
    i.osThreadGetId                          0x00000980   Section        0  rt_cmsis.o(i.osThreadGetId)
    i.osThreadSetPriority                    0x00000998   Section        0  rt_cmsis.o(i.osThreadSetPriority)
    i.osThreadTerminate                      0x000009b0   Section        0  rt_cmsis.o(i.osThreadTerminate)
    i.osTimerCall                            0x000009c8   Section        0  rt_cmsis.o(i.osTimerCall)
    i.osTimerThread                          0x000009d4   Section        0  rt_cmsis.o(i.osTimerThread)
    i.os_error                               0x00000a00   Section        0  rtx_conf_cm.o(i.os_error)
    i.os_idle_demon                          0x00000a22   Section        0  rtx_conf_cm.o(i.os_idle_demon)
    i.os_tick_init                           0x00000a28   Section        0  rt_system.o(i.os_tick_init)
    i.os_tick_irqack                         0x00000a50   Section        0  rt_system.o(i.os_tick_irqack)
    i.rt_alloc_box                           0x00000a52   Section        0  rt_membox.o(i.rt_alloc_box)
    i.rt_alloc_mem                           0x00000a6c   Section        0  rt_memory.o(i.rt_alloc_mem)
    i.rt_block                               0x00000aac   Section        0  rt_task.o(i.rt_block)
    i.rt_chk_robin                           0x00000ae4   Section        0  rtx_conf_cm.o(i.rt_chk_robin)
    i.rt_dec_dly                             0x00000ae8   Section        0  rt_list.o(i.rt_dec_dly)
    i.rt_dispatch                            0x00000b58   Section        0  rt_task.o(i.rt_dispatch)
    i.rt_dly_wait                            0x00000b9c   Section        0  rt_time.o(i.rt_dly_wait)
    i.rt_evt_psh                             0x00000ba4   Section        0  rt_event.o(i.rt_evt_psh)
    i.rt_evt_set                             0x00000bf4   Section        0  rt_event.o(i.rt_evt_set)
    i.rt_evt_wait                            0x00000c50   Section        0  rt_event.o(i.rt_evt_wait)
    i.rt_free_box                            0x00000c8c   Section        0  rt_membox.o(i.rt_free_box)
    i.rt_free_mem                            0x00000cb8   Section        0  rt_memory.o(i.rt_free_mem)
    i.rt_get_first                           0x00000ce0   Section        0  rt_list.o(i.rt_get_first)
    i.rt_id2obj                              0x00000d08   Section        0  rt_cmsis.o(i.rt_id2obj)
    rt_id2obj                                0x00000d09   Thumb Code     8  rt_cmsis.o(i.rt_id2obj)
    i.rt_init_context                        0x00000d10   Section        0  rt_task.o(i.rt_init_context)
    rt_init_context                          0x00000d11   Thumb Code    66  rt_task.o(i.rt_init_context)
    i.rt_init_mem                            0x00000d58   Section        0  rt_memory.o(i.rt_init_mem)
    i.rt_init_robin                          0x00000d72   Section        0  rtx_conf_cm.o(i.rt_init_robin)
    i.rt_init_stack                          0x00000d74   Section        0  hal_cm.o(i.rt_init_stack)
    i.rt_mbx_check                           0x00000df4   Section        0  rt_mailbox.o(i.rt_mbx_check)
    i.rt_mbx_init                            0x00000dfc   Section        0  rt_mailbox.o(i.rt_mbx_init)
    i.rt_mbx_psh                             0x00000e18   Section        0  rt_mailbox.o(i.rt_mbx_psh)
    i.rt_mbx_wait                            0x00000f08   Section        0  rt_mailbox.o(i.rt_mbx_wait)
    i.rt_ms2tick                             0x00000fbc   Section        0  rt_cmsis.o(i.rt_ms2tick)
    rt_ms2tick                               0x00000fbd   Thumb Code    58  rt_cmsis.o(i.rt_ms2tick)
    i.rt_pop_req                             0x00001000   Section        0  rt_system.o(i.rt_pop_req)
    i.rt_psh_req                             0x0000107c   Section        0  rt_system.o(i.rt_psh_req)
    i.rt_psq_enq                             0x0000109c   Section        0  rt_list.o(i.rt_psq_enq)
    i.rt_put_dly                             0x000010f8   Section        0  rt_list.o(i.rt_put_dly)
    i.rt_put_prio                            0x00001140   Section        0  rt_list.o(i.rt_put_prio)
    i.rt_put_rdy_first                       0x00001178   Section        0  rt_list.o(i.rt_put_rdy_first)
    i.rt_resort_prio                         0x0000118c   Section        0  rt_list.o(i.rt_resort_prio)
    i.rt_ret_val                             0x000011c0   Section        0  hal_cm.o(i.rt_ret_val)
    i.rt_ret_val2                            0x000011c6   Section        0  hal_cm.o(i.rt_ret_val2)
    i.rt_rmv_dly                             0x000011ce   Section        0  rt_list.o(i.rt_rmv_dly)
    i.rt_rmv_list                            0x000011f8   Section        0  rt_list.o(i.rt_rmv_list)
    i.rt_sem_psh                             0x00001228   Section        0  rt_semaphore.o(i.rt_sem_psh)
    i.rt_stk_check                           0x0000125c   Section        0  rt_system.o(i.rt_stk_check)
    i.rt_switch_req                          0x00001280   Section        0  rt_task.o(i.rt_switch_req)
    i.rt_sys_init                            0x000012a8   Section        0  rt_task.o(i.rt_sys_init)
    i.rt_sys_start                           0x00001374   Section        0  rt_task.o(i.rt_sys_start)
    i.rt_systick                             0x000013ec   Section        0  rt_system.o(i.rt_systick)
    i.rt_tid2ptcb                            0x0000142c   Section        0  rt_cmsis.o(i.rt_tid2ptcb)
    rt_tid2ptcb                              0x0000142d   Thumb Code    18  rt_cmsis.o(i.rt_tid2ptcb)
    i.rt_timer_insert                        0x00001440   Section        0  rt_cmsis.o(i.rt_timer_insert)
    rt_timer_insert                          0x00001441   Thumb Code    48  rt_cmsis.o(i.rt_timer_insert)
    i.rt_tsk_create                          0x00001474   Section        0  rt_task.o(i.rt_tsk_create)
    i.rt_tsk_delete                          0x000014fc   Section        0  rt_task.o(i.rt_tsk_delete)
    i.rt_tsk_prio                            0x00001678   Section        0  rt_task.o(i.rt_tsk_prio)
    i.rt_tsk_self                            0x000016f4   Section        0  rt_task.o(i.rt_tsk_self)
    i.svcDelay                               0x00001704   Section        0  rt_cmsis.o(i.svcDelay)
    i.svcKernelInitialize                    0x00001718   Section        0  rt_cmsis.o(i.svcKernelInitialize)
    i.svcKernelStart                         0x00001788   Section        0  rt_cmsis.o(i.svcKernelStart)
    i.svcMessageCreate                       0x000017d0   Section        0  rt_cmsis.o(i.svcMessageCreate)
    i.svcMessageGet                          0x000017f4   Section        0  rt_cmsis.o(i.svcMessageGet)
    i.svcSignalSet                           0x0000182e   Section        0  rt_cmsis.o(i.svcSignalSet)
    i.svcSignalWait                          0x00001854   Section        0  rt_cmsis.o(i.svcSignalWait)
    i.svcThreadCreate                        0x000018a8   Section        0  rt_cmsis.o(i.svcThreadCreate)
    i.svcThreadGetId                         0x00001914   Section        0  rt_cmsis.o(i.svcThreadGetId)
    i.svcThreadSetPriority                   0x00001930   Section        0  rt_cmsis.o(i.svcThreadSetPriority)
    i.svcThreadTerminate                     0x00001960   Section        0  rt_cmsis.o(i.svcThreadTerminate)
    i.svcTimerCall                           0x00001998   Section        0  rt_cmsis.o(i.svcTimerCall)
    i.sysTimerTick                           0x000019b0   Section        0  rt_cmsis.o(i.sysTimerTick)
    .constdata                               0x00001a0c   Section       48  priority_inv.o(.constdata)
    .constdata                               0x00001a3c   Section       16  led_mcb1700.o(.constdata)
    LED_PIN                                  0x00001a3c   Data          16  led_mcb1700.o(.constdata)
    .constdata                               0x00001a4c   Section      104  rtx_conf_cm.o(.constdata)
    __tagsym$$used                           0x00001a68   Number         0  rtx_conf_cm.o(.constdata)
    __tagsym$$used                           0x00001a6c   Number         0  rtx_conf_cm.o(.constdata)
    __tagsym$$used                           0x00001a70   Number         0  rtx_conf_cm.o(.constdata)
    __tagsym$$used                           0x00001a74   Number         0  rtx_conf_cm.o(.constdata)
    .data                                    0x10000000   Section       16  priority_inv.o(.data)
    .data                                    0x10000010   Section       16  rtx_conf_cm.o(.data)
    .data                                    0x10000020   Section        8  rt_cmsis.o(.data)
    .data                                    0x10000028   Section        8  rt_task.o(.data)
    .data                                    0x10000030   Section        8  rt_system.o(.data)
    os_lock                                  0x10000030   Data           1  rt_system.o(.data)
    os_psh_flag                              0x10000031   Data           1  rt_system.o(.data)
    pend_flags                               0x10000032   Data           1  rt_system.o(.data)
    .data                                    0x10000038   Section        4  rt_time.o(.data)
    .data                                    0x1000003c   Section        1  hal_cm.o(.data)
    .bss                                     0x10000040   Section     2216  rtx_conf_cm.o(.bss)
    .bss                                     0x100008e8   Section       52  rt_task.o(.bss)
    .bss                                     0x1000091c   Section       48  rt_list.o(.bss)
    STACK                                    0x10000950   Section      512  startup_lpc17xx.o(STACK)

    Global Symbols

    Symbol Name                              Value     Ov Type        Size  Object(Section)

    BuildAttributes$$THM_ISAv4$P$D$K$B$S$PE$A:L22UL41UL21$X:L11$S22US41US21$IEEE1$IW$USESV6$~STKCKD$USESV7$~SHL$OSPACE$EBA8$MICROLIB$REQ8$PRES8$EABIv2 0x00000000   Number         0  anon$$obj.o ABSOLUTE
    __ARM_use_no_argv                        0x00000000   Number         0  priority_inv.o ABSOLUTE
    __Vectors                                0x00000000   Data           4  startup_lpc17xx.o(RESET)
    __arm_fini_                               - Undefined Weak Reference
    __cpp_initialize__aeabi_                  - Undefined Weak Reference
    __cxa_finalize                            - Undefined Weak Reference
    __decompress                              - Undefined Weak Reference
    _clock_init                               - Undefined Weak Reference
    _microlib_exit                            - Undefined Weak Reference
    __main                                   0x000000cd   Thumb Code     0  entry.o(.ARM.Collect$$$$00000000)
    _main_stk                                0x000000cd   Thumb Code     0  entry2.o(.ARM.Collect$$$$00000001)
    _main_scatterload                        0x000000d1   Thumb Code     0  entry5.o(.ARM.Collect$$$$00000004)
    __main_after_scatterload                 0x000000d5   Thumb Code     0  entry5.o(.ARM.Collect$$$$00000004)
    __rt_lib_shutdown_fini                   0x000000d5   Thumb Code     0  entry12b.o(.ARM.Collect$$$$0000000E)
    _main_clock                              0x000000d5   Thumb Code     0  entry7b.o(.ARM.Collect$$$$00000008)
    _main_cpp_init                           0x000000d5   Thumb Code     0  entry8b.o(.ARM.Collect$$$$0000000A)
    __rt_final_cpp                           0x000000d9   Thumb Code     0  entry10a.o(.ARM.Collect$$$$0000000F)
    __rt_final_exit                          0x000000d9   Thumb Code     0  entry11a.o(.ARM.Collect$$$$00000011)
    _main_init                               0x000000d9   Thumb Code    18  rtx_conf_cm.o(.ARM.Collect$$$$000000FF)
    rt_set_PSP                               0x000000f5   Thumb Code     6  hal_cm3.o(.emb_text)
    rt_get_PSP                               0x000000fb   Thumb Code     6  hal_cm3.o(.emb_text)
    os_set_env                               0x00000101   Thumb Code    24  hal_cm3.o(.emb_text)
    _alloc_box                               0x0000011d   Thumb Code    28  hal_cm3.o(.emb_text)
    _free_box                                0x0000013d   Thumb Code    28  hal_cm3.o(.emb_text)
    SVC_Handler                              0x0000015d   Thumb Code   108  hal_cm3.o(.emb_text)
    PendSV_Handler                           0x000001d5   Thumb Code    56  hal_cm3.o(.emb_text)
    SysTick_Handler                          0x00000211   Thumb Code     8  hal_cm3.o(.emb_text)
    OS_Tick_Handler                          0x00000219   Thumb Code    12  hal_cm3.o(.emb_text)
    Reset_Handler                            0x00000225   Thumb Code     8  startup_lpc17xx.o(.text)
    NMI_Handler                              0x0000022d   Thumb Code     2  startup_lpc17xx.o(.text)
    HardFault_Handler                        0x0000022f   Thumb Code     2  startup_lpc17xx.o(.text)
    MemManage_Handler                        0x00000231   Thumb Code     2  startup_lpc17xx.o(.text)
    BusFault_Handler                         0x00000233   Thumb Code     2  startup_lpc17xx.o(.text)
    UsageFault_Handler                       0x00000235   Thumb Code     2  startup_lpc17xx.o(.text)
    DebugMon_Handler                         0x00000239   Thumb Code     2  startup_lpc17xx.o(.text)
    ADC_IRQHandler                           0x0000023f   Thumb Code     0  startup_lpc17xx.o(.text)
    BOD_IRQHandler                           0x0000023f   Thumb Code     0  startup_lpc17xx.o(.text)
    CANActivity_IRQHandler                   0x0000023f   Thumb Code     0  startup_lpc17xx.o(.text)
    CAN_IRQHandler                           0x0000023f   Thumb Code     0  startup_lpc17xx.o(.text)
    DMA_IRQHandler                           0x0000023f   Thumb Code     0  startup_lpc17xx.o(.text)
    EINT0_IRQHandler                         0x0000023f   Thumb Code     0  startup_lpc17xx.o(.text)
    EINT1_IRQHandler                         0x0000023f   Thumb Code     0  startup_lpc17xx.o(.text)
    EINT2_IRQHandler                         0x0000023f   Thumb Code     0  startup_lpc17xx.o(.text)
    EINT3_IRQHandler                         0x0000023f   Thumb Code     0  startup_lpc17xx.o(.text)
    ENET_IRQHandler                          0x0000023f   Thumb Code     0  startup_lpc17xx.o(.text)
    I2C0_IRQHandler                          0x0000023f   Thumb Code     0  startup_lpc17xx.o(.text)
    I2C1_IRQHandler                          0x0000023f   Thumb Code     0  startup_lpc17xx.o(.text)
    I2C2_IRQHandler                          0x0000023f   Thumb Code     0  startup_lpc17xx.o(.text)
    I2S_IRQHandler                           0x0000023f   Thumb Code     0  startup_lpc17xx.o(.text)
    MCPWM_IRQHandler                         0x0000023f   Thumb Code     0  startup_lpc17xx.o(.text)
    PLL0_IRQHandler                          0x0000023f   Thumb Code     0  startup_lpc17xx.o(.text)
    PLL1_IRQHandler                          0x0000023f   Thumb Code     0  startup_lpc17xx.o(.text)
    PWM1_IRQHandler                          0x0000023f   Thumb Code     0  startup_lpc17xx.o(.text)
    QEI_IRQHandler                           0x0000023f   Thumb Code     0  startup_lpc17xx.o(.text)
    RIT_IRQHandler                           0x0000023f   Thumb Code     0  startup_lpc17xx.o(.text)
    RTC_IRQHandler                           0x0000023f   Thumb Code     0  startup_lpc17xx.o(.text)
    SPI_IRQHandler                           0x0000023f   Thumb Code     0  startup_lpc17xx.o(.text)
    SSP0_IRQHandler                          0x0000023f   Thumb Code     0  startup_lpc17xx.o(.text)
    SSP1_IRQHandler                          0x0000023f   Thumb Code     0  startup_lpc17xx.o(.text)
    TIMER0_IRQHandler                        0x0000023f   Thumb Code     0  startup_lpc17xx.o(.text)
    TIMER1_IRQHandler                        0x0000023f   Thumb Code     0  startup_lpc17xx.o(.text)
    TIMER2_IRQHandler                        0x0000023f   Thumb Code     0  startup_lpc17xx.o(.text)
    TIMER3_IRQHandler                        0x0000023f   Thumb Code     0  startup_lpc17xx.o(.text)
    UART0_IRQHandler                         0x0000023f   Thumb Code     0  startup_lpc17xx.o(.text)
    UART1_IRQHandler                         0x0000023f   Thumb Code     0  startup_lpc17xx.o(.text)
    UART2_IRQHandler                         0x0000023f   Thumb Code     0  startup_lpc17xx.o(.text)
    UART3_IRQHandler                         0x0000023f   Thumb Code     0  startup_lpc17xx.o(.text)
    USBActivity_IRQHandler                   0x0000023f   Thumb Code     0  startup_lpc17xx.o(.text)
    USB_IRQHandler                           0x0000023f   Thumb Code     0  startup_lpc17xx.o(.text)
    WDT_IRQHandler                           0x0000023f   Thumb Code     0  startup_lpc17xx.o(.text)
    __scatterload                            0x00000249   Thumb Code    28  init.o(.text)
    __scatterload_rt2                        0x00000249   Thumb Code     0  init.o(.text)
    SVC_Count                                0x0000026c   Data           4  svc_table.o(SVC_TABLE)
    GPIO_PinWrite                            0x00000271   Thumb Code    36  gpio_lpc17xx.o(i.GPIO_PinWrite)
    SVC_Table                                0x00000270   Data           0  svc_table.o(SVC_TABLE)
    GPIO_PortClock                           0x00000299   Thumb Code    38  gpio_lpc17xx.o(i.GPIO_PortClock)
    GPIO_SetDir                              0x000002c5   Thumb Code    52  gpio_lpc17xx.o(i.GPIO_SetDir)
    LED_Initialize                           0x00000301   Thumb Code    88  led_mcb1700.o(i.LED_Initialize)
    PA                                       0x0000035d   Thumb Code    34  priority_inv.o(i.PA)
    PB                                       0x00000385   Thumb Code    12  priority_inv.o(i.PB)
    PC                                       0x00000395   Thumb Code    30  priority_inv.o(i.PC)
    PIN_Configure                            0x000003bd   Thumb Code   246  pin_lpc17xx.o(i.PIN_Configure)
    __RL_RTX_VER                             0x00000482   Number         0  rt_system.o ABSOLUTE
    SystemInit                               0x000004b9   Thumb Code   302  system_lpc17xx.o(i.SystemInit)
    __scatterload_copy                       0x000005f9   Thumb Code    14  handlers.o(i.__scatterload_copy)
    __scatterload_null                       0x00000607   Thumb Code     2  handlers.o(i.__scatterload_null)
    __scatterload_zeroinit                   0x00000609   Thumb Code    14  handlers.o(i.__scatterload_zeroinit)
    _init_box                                0x00000617   Thumb Code    70  rt_membox.o(i._init_box)
    dbg_init                                 0x0000065d   Thumb Code    34  hal_cm.o(i.dbg_init)
    dbg_task_notify                          0x0000068d   Thumb Code    32  hal_cm.o(i.dbg_task_notify)
    dbg_task_switch                          0x000006ad   Thumb Code    16  hal_cm.o(i.dbg_task_switch)
    delay                                    0x000006bd   Thumb Code    16  priority_inv.o(i.delay)
    isrMessageGet                            0x000006cd   Thumb Code    42  rt_cmsis.o(i.isrMessageGet)
    isrMessagePut                            0x000006f7   Thumb Code    44  rt_cmsis.o(i.isrMessagePut)
    isrSignalSet                             0x00000723   Thumb Code    36  rt_cmsis.o(i.isrSignalSet)
    isr_evt_set                              0x00000749   Thumb Code    34  rt_event.o(i.isr_evt_set)
    isr_mbx_receive                          0x00000771   Thumb Code    86  rt_mailbox.o(i.isr_mbx_receive)
    isr_mbx_send                             0x000007c7   Thumb Code    14  rt_mailbox.o(i.isr_mbx_send)
    main                                     0x000007d5   Thumb Code    90  priority_inv.o(i.main)
    osDelay                                  0x0000084d   Thumb Code    18  rt_cmsis.o(i.osDelay)
    osKernelInitialize                       0x00000865   Thumb Code    30  rt_cmsis.o(i.osKernelInitialize)
    osKernelStart                            0x00000889   Thumb Code    98  rt_cmsis.o(i.osKernelStart)
    osMessageGet                             0x000008f5   Thumb Code    18  rt_cmsis.o(i.osMessageGet)
    osSignalSet                              0x0000090d   Thumb Code    18  rt_cmsis.o(i.osSignalSet)
    osSignalWait                             0x00000925   Thumb Code    18  rt_cmsis.o(i.osSignalWait)
    osThreadCreate                           0x0000093d   Thumb Code    36  rt_cmsis.o(i.osThreadCreate)
    osThreadExit                             0x00000969   Thumb Code    14  rt_cmsis.o(i.osThreadExit)
    osThreadGetId                            0x00000981   Thumb Code    18  rt_cmsis.o(i.osThreadGetId)
    osThreadSetPriority                      0x00000999   Thumb Code    18  rt_cmsis.o(i.osThreadSetPriority)
    osThreadTerminate                        0x000009b1   Thumb Code    18  rt_cmsis.o(i.osThreadTerminate)
    osTimerCall                              0x000009c9   Thumb Code     8  rt_cmsis.o(i.osTimerCall)
    osTimerThread                            0x000009d5   Thumb Code    38  rt_cmsis.o(i.osTimerThread)
    os_error                                 0x00000a01   Thumb Code    34  rtx_conf_cm.o(i.os_error)
    os_idle_demon                            0x00000a23   Thumb Code     4  rtx_conf_cm.o(i.os_idle_demon)
    os_tick_init                             0x00000a29   Thumb Code    32  rt_system.o(i.os_tick_init)
    os_tick_irqack                           0x00000a51   Thumb Code     2  rt_system.o(i.os_tick_irqack)
    rt_alloc_box                             0x00000a53   Thumb Code    26  rt_membox.o(i.rt_alloc_box)
    rt_alloc_mem                             0x00000a6d   Thumb Code    62  rt_memory.o(i.rt_alloc_mem)
    rt_block                                 0x00000aad   Thumb Code    48  rt_task.o(i.rt_block)
    rt_chk_robin                             0x00000ae5   Thumb Code     2  rtx_conf_cm.o(i.rt_chk_robin)
    rt_dec_dly                               0x00000ae9   Thumb Code   102  rt_list.o(i.rt_dec_dly)
    rt_dispatch                              0x00000b59   Thumb Code    60  rt_task.o(i.rt_dispatch)
    rt_dly_wait                              0x00000b9d   Thumb Code     6  rt_time.o(i.rt_dly_wait)
    rt_evt_psh                               0x00000ba5   Thumb Code    76  rt_event.o(i.rt_evt_psh)
    rt_evt_set                               0x00000bf5   Thumb Code    88  rt_event.o(i.rt_evt_set)
    rt_evt_wait                              0x00000c51   Thumb Code    56  rt_event.o(i.rt_evt_wait)
    rt_free_box                              0x00000c8d   Thumb Code    44  rt_membox.o(i.rt_free_box)
    rt_free_mem                              0x00000cb9   Thumb Code    40  rt_memory.o(i.rt_free_mem)
    rt_get_first                             0x00000ce1   Thumb Code    40  rt_list.o(i.rt_get_first)
    rt_init_mem                              0x00000d59   Thumb Code    26  rt_memory.o(i.rt_init_mem)
    rt_init_robin                            0x00000d73   Thumb Code     2  rtx_conf_cm.o(i.rt_init_robin)
    rt_init_stack                            0x00000d75   Thumb Code   118  hal_cm.o(i.rt_init_stack)
    rt_mbx_check                             0x00000df5   Thumb Code     8  rt_mailbox.o(i.rt_mbx_check)
    rt_mbx_init                              0x00000dfd   Thumb Code    26  rt_mailbox.o(i.rt_mbx_init)
    rt_mbx_psh                               0x00000e19   Thumb Code   236  rt_mailbox.o(i.rt_mbx_psh)
    rt_mbx_wait                              0x00000f09   Thumb Code   174  rt_mailbox.o(i.rt_mbx_wait)
    rt_pop_req                               0x00001001   Thumb Code   112  rt_system.o(i.rt_pop_req)
    rt_psh_req                               0x0000107d   Thumb Code    22  rt_system.o(i.rt_psh_req)
    rt_psq_enq                               0x0000109d   Thumb Code    88  rt_list.o(i.rt_psq_enq)
    rt_put_dly                               0x000010f9   Thumb Code    68  rt_list.o(i.rt_put_dly)
    rt_put_prio                              0x00001141   Thumb Code    54  rt_list.o(i.rt_put_prio)
    rt_put_rdy_first                         0x00001179   Thumb Code    14  rt_list.o(i.rt_put_rdy_first)
    rt_resort_prio                           0x0000118d   Thumb Code    46  rt_list.o(i.rt_resort_prio)
    rt_ret_val                               0x000011c1   Thumb Code     6  hal_cm.o(i.rt_ret_val)
    rt_ret_val2                              0x000011c7   Thumb Code     8  hal_cm.o(i.rt_ret_val2)
    rt_rmv_dly                               0x000011cf   Thumb Code    40  rt_list.o(i.rt_rmv_dly)
    rt_rmv_list                              0x000011f9   Thumb Code    44  rt_list.o(i.rt_rmv_list)
    rt_sem_psh                               0x00001229   Thumb Code    48  rt_semaphore.o(i.rt_sem_psh)
    rt_stk_check                             0x0000125d   Thumb Code    28  rt_system.o(i.rt_stk_check)
    rt_switch_req                            0x00001281   Thumb Code    30  rt_task.o(i.rt_switch_req)
    rt_sys_init                              0x000012a9   Thumb Code   138  rt_task.o(i.rt_sys_init)
    rt_sys_start                             0x00001375   Thumb Code   110  rt_task.o(i.rt_sys_start)
    rt_systick                               0x000013ed   Thumb Code    50  rt_system.o(i.rt_systick)
    rt_tsk_create                            0x00001475   Thumb Code   118  rt_task.o(i.rt_tsk_create)
    rt_tsk_delete                            0x000014fd   Thumb Code   352  rt_task.o(i.rt_tsk_delete)
    rt_tsk_prio                              0x00001679   Thumb Code   108  rt_task.o(i.rt_tsk_prio)
    rt_tsk_self                              0x000016f5   Thumb Code    12  rt_task.o(i.rt_tsk_self)
    svcDelay                                 0x00001705   Thumb Code    18  rt_cmsis.o(i.svcDelay)
    svcKernelInitialize                      0x00001719   Thumb Code    80  rt_cmsis.o(i.svcKernelInitialize)
    svcKernelStart                           0x00001789   Thumb Code    62  rt_cmsis.o(i.svcKernelStart)
    svcMessageCreate                         0x000017d1   Thumb Code    36  rt_cmsis.o(i.svcMessageCreate)
    svcMessageGet                            0x000017f5   Thumb Code    58  rt_cmsis.o(i.svcMessageGet)
    svcSignalSet                             0x0000182f   Thumb Code    36  rt_cmsis.o(i.svcSignalSet)
    svcSignalWait                            0x00001855   Thumb Code    80  rt_cmsis.o(i.svcSignalWait)
    svcThreadCreate                          0x000018a9   Thumb Code    96  rt_cmsis.o(i.svcThreadCreate)
    svcThreadGetId                           0x00001915   Thumb Code    22  rt_cmsis.o(i.svcThreadGetId)
    svcThreadSetPriority                     0x00001931   Thumb Code    46  rt_cmsis.o(i.svcThreadSetPriority)
    svcThreadTerminate                       0x00001961   Thumb Code    50  rt_cmsis.o(i.svcThreadTerminate)
    svcTimerCall                             0x00001999   Thumb Code    24  rt_cmsis.o(i.svcTimerCall)
    sysTimerTick                             0x000019b1   Thumb Code    84  rt_cmsis.o(i.sysTimerTick)
    os_thread_def_PA                         0x00001a0c   Data          16  priority_inv.o(.constdata)
    os_thread_def_PB                         0x00001a1c   Data          16  priority_inv.o(.constdata)
    os_thread_def_PC                         0x00001a2c   Data          16  priority_inv.o(.constdata)
    os_maxtaskrun                            0x00001a4c   Data           2  rtx_conf_cm.o(.constdata)
    os_stackinfo                             0x00001a50   Data           4  rtx_conf_cm.o(.constdata)
    os_rrobin                                0x00001a54   Data           4  rtx_conf_cm.o(.constdata)
    os_tickfreq                              0x00001a58   Data           4  rtx_conf_cm.o(.constdata)
    os_tickus_i                              0x00001a5c   Data           2  rtx_conf_cm.o(.constdata)
    os_tickus_f                              0x00001a5e   Data           2  rtx_conf_cm.o(.constdata)
    os_trv                                   0x00001a60   Data           4  rtx_conf_cm.o(.constdata)
    os_flags                                 0x00001a64   Data           1  rtx_conf_cm.o(.constdata)
    CMSIS_RTOS_API_Version                   0x00001a68   Data           4  rtx_conf_cm.o(.constdata)
    CMSIS_RTOS_RTX_Version                   0x00001a6c   Data           4  rtx_conf_cm.o(.constdata)
    os_clockrate                             0x00001a70   Data           4  rtx_conf_cm.o(.constdata)
    os_timernum                              0x00001a74   Data           4  rtx_conf_cm.o(.constdata)
    mp_tcb_size                              0x00001a78   Data           2  rtx_conf_cm.o(.constdata)
    mp_stk_size                              0x00001a7c   Data           4  rtx_conf_cm.o(.constdata)
    os_stack_sz                              0x00001a80   Data           4  rtx_conf_cm.o(.constdata)
    os_fifo_size                             0x00001a84   Data           1  rtx_conf_cm.o(.constdata)
    os_thread_def_osTimerThread              0x00001a88   Data          16  rtx_conf_cm.o(.constdata)
    os_messageQ_def_osTimerMessageQ          0x00001a98   Data           8  rtx_conf_cm.o(.constdata)
    mp_tmr_size                              0x00001aa0   Data           2  rtx_conf_cm.o(.constdata)
    os_thread_def_main                       0x00001aa4   Data          16  rtx_conf_cm.o(.constdata)
    Region$$Table$$Base                      0x00001ab4   Number         0  anon$$obj.o(Region$$Table)
    Region$$Table$$Limit                     0x00001ad4   Number         0  anon$$obj.o(Region$$Table)
    t_main                                   0x10000000   Data           4  priority_inv.o(.data)
    t_PA                                     0x10000004   Data           4  priority_inv.o(.data)
    t_PB                                     0x10000008   Data           4  priority_inv.o(.data)
    t_PC                                     0x1000000c   Data           4  priority_inv.o(.data)
    osThreadId_osTimerThread                 0x10000010   Data           4  rtx_conf_cm.o(.data)
    osMessageQId_osTimerMessageQ             0x10000014   Data           4  rtx_conf_cm.o(.data)
    os_tmr                                   0x10000018   Data           4  rtx_conf_cm.o(.data)
    m_tmr                                    0x1000001c   Data           4  rtx_conf_cm.o(.data)
    os_initialized                           0x10000020   Data           1  rt_cmsis.o(.data)
    os_running                               0x10000021   Data           1  rt_cmsis.o(.data)
    os_timer_head                            0x10000024   Data           4  rt_cmsis.o(.data)
    os_tsk                                   0x10000028   Data           8  rt_task.o(.data)
    os_tick_irqn                             0x10000034   Data           4  rt_system.o(.data)
    os_time                                  0x10000038   Data           4  rt_time.o(.data)
    dbg_msg                                  0x1000003c   Data           1  hal_cm.o(.data)
    mp_tcb                                   0x10000040   Data         376  rtx_conf_cm.o(.bss)
    mp_stk                                   0x100001b8   Data        1216  rtx_conf_cm.o(.bss)
    os_stack_mem                             0x10000678   Data         432  rtx_conf_cm.o(.bss)
    os_fifo                                  0x10000828   Data         132  rtx_conf_cm.o(.bss)
    os_active_TCB                            0x100008ac   Data          28  rtx_conf_cm.o(.bss)
    os_messageQ_q_osTimerMessageQ            0x100008c8   Data          32  rtx_conf_cm.o(.bss)
    os_idle_TCB                              0x100008e8   Data          52  rt_task.o(.bss)
    os_rdy                                   0x1000091c   Data          24  rt_list.o(.bss)
    os_dly                                   0x10000934   Data          24  rt_list.o(.bss)
    __initial_sp                             0x10000b50   Data           0  startup_lpc17xx.o(STACK)



==============================================================================

Memory Map of the image

  Image Entry point : 0x00000225

  Load Region LR_1 (Base: 0x00000000, Size: 0x00001b14, Max: 0xffffffff, ABSOLUTE)

    Execution Region ER_RO (Exec base: 0x00000000, Load base: 0x00000000, Size: 0x00001ad4, Max: 0xffffffff, ABSOLUTE)

    Exec Addr    Load Addr    Size         Type   Attr      Idx    E Section Name        Object

    0x00000000   0x00000000   0x000000cc   Data   RO          298    RESET               startup_lpc17xx.o
    0x000000cc   0x000000cc   0x00000000   Code   RO         1553  * .ARM.Collect$$$$00000000  mc_w.l(entry.o)
    0x000000cc   0x000000cc   0x00000004   Code   RO         1558    .ARM.Collect$$$$00000001  mc_w.l(entry2.o)
    0x000000d0   0x000000d0   0x00000004   Code   RO         1561    .ARM.Collect$$$$00000004  mc_w.l(entry5.o)
    0x000000d4   0x000000d4   0x00000000   Code   RO         1563    .ARM.Collect$$$$00000008  mc_w.l(entry7b.o)
    0x000000d4   0x000000d4   0x00000000   Code   RO         1565    .ARM.Collect$$$$0000000A  mc_w.l(entry8b.o)
    0x000000d4   0x000000d4   0x00000004   Code   RO         1571    .ARM.Collect$$$$0000000E  mc_w.l(entry12b.o)
    0x000000d8   0x000000d8   0x00000000   Code   RO         1566    .ARM.Collect$$$$0000000F  mc_w.l(entry10a.o)
    0x000000d8   0x000000d8   0x00000000   Code   RO         1568    .ARM.Collect$$$$00000011  mc_w.l(entry11a.o)
    0x000000d8   0x000000d8   0x00000018   Code   RO          159    .ARM.Collect$$$$000000FF  rtx_conf_cm.o
    0x000000f0   0x000000f0   0x00000004   Code   RO         1559    .ARM.Collect$$$$00002712  mc_w.l(entry2.o)
    0x000000f4   0x000000f4   0x00000130   Code   RO         1540    .emb_text           RTX_CM3.lib(hal_cm3.o)
    0x00000224   0x00000224   0x00000024   Code   RO          300  * .text               startup_lpc17xx.o
    0x00000248   0x00000248   0x00000024   Code   RO         1576    .text               mc_w.l(init.o)
    0x0000026c   0x0000026c   0x00000004   Code   RO         1550    SVC_TABLE           RTX_CM3.lib(svc_table.o)
    0x00000270   0x00000270   0x00000028   Code   RO          210    i.GPIO_PinWrite     gpio_lpc17xx.o
    0x00000298   0x00000298   0x0000002c   Code   RO          211    i.GPIO_PortClock    gpio_lpc17xx.o
    0x000002c4   0x000002c4   0x00000038   Code   RO          214    i.GPIO_SetDir       gpio_lpc17xx.o
    0x000002fc   0x000002fc   0x00000004   Code   RO          299    .ARM.__at_0x02FC    startup_lpc17xx.o
    0x00000300   0x00000300   0x0000005c   Code   RO           74    i.LED_Initialize    led_mcb1700.o
    0x0000035c   0x0000035c   0x00000028   Code   RO            1    i.PA                priority_inv.o
    0x00000384   0x00000384   0x00000010   Code   RO            2    i.PB                priority_inv.o
    0x00000394   0x00000394   0x00000028   Code   RO            3    i.PC                priority_inv.o
    0x000003bc   0x000003bc   0x000000fc   Code   RO          263    i.PIN_Configure     pin_lpc17xx.o
    0x000004b8   0x000004b8   0x00000140   Code   RO          310    i.SystemInit        system_lpc17xx.o
    0x000005f8   0x000005f8   0x0000000e   Code   RO         1580    i.__scatterload_copy  mc_w.l(handlers.o)
    0x00000606   0x00000606   0x00000002   Code   RO         1581    i.__scatterload_null  mc_w.l(handlers.o)
    0x00000608   0x00000608   0x0000000e   Code   RO         1582    i.__scatterload_zeroinit  mc_w.l(handlers.o)
    0x00000616   0x00000616   0x00000046   Code   RO         1418    i._init_box         RTX_CM3.lib(rt_membox.o)
    0x0000065c   0x0000065c   0x00000030   Code   RO         1471    i.dbg_init          RTX_CM3.lib(hal_cm.o)
    0x0000068c   0x0000068c   0x00000020   Code   RO         1472    i.dbg_task_notify   RTX_CM3.lib(hal_cm.o)
    0x000006ac   0x000006ac   0x00000010   Code   RO         1473    i.dbg_task_switch   RTX_CM3.lib(hal_cm.o)
    0x000006bc   0x000006bc   0x00000010   Code   RO            4    i.delay             priority_inv.o
    0x000006cc   0x000006cc   0x0000002a   Code   RO          345    i.isrMessageGet     RTX_CM3.lib(rt_cmsis.o)
    0x000006f6   0x000006f6   0x0000002c   Code   RO          346    i.isrMessagePut     RTX_CM3.lib(rt_cmsis.o)
    0x00000722   0x00000722   0x00000024   Code   RO          348    i.isrSignalSet      RTX_CM3.lib(rt_cmsis.o)
    0x00000746   0x00000746   0x00000002   PAD
    0x00000748   0x00000748   0x00000028   Code   RO         1142    i.isr_evt_set       RTX_CM3.lib(rt_event.o)
    0x00000770   0x00000770   0x00000056   Code   RO         1264    i.isr_mbx_receive   RTX_CM3.lib(rt_mailbox.o)
    0x000007c6   0x000007c6   0x0000000e   Code   RO         1265    i.isr_mbx_send      RTX_CM3.lib(rt_mailbox.o)
    0x000007d4   0x000007d4   0x00000078   Code   RO            5    i.main              priority_inv.o
    0x0000084c   0x0000084c   0x00000018   Code   RO          349    i.osDelay           RTX_CM3.lib(rt_cmsis.o)
    0x00000864   0x00000864   0x00000024   Code   RO          350    i.osKernelInitialize  RTX_CM3.lib(rt_cmsis.o)
    0x00000888   0x00000888   0x0000006c   Code   RO          352    i.osKernelStart     RTX_CM3.lib(rt_cmsis.o)
    0x000008f4   0x000008f4   0x00000018   Code   RO          361    i.osMessageGet      RTX_CM3.lib(rt_cmsis.o)
    0x0000090c   0x0000090c   0x00000018   Code   RO          376    i.osSignalSet       RTX_CM3.lib(rt_cmsis.o)
    0x00000924   0x00000924   0x00000018   Code   RO          377    i.osSignalWait      RTX_CM3.lib(rt_cmsis.o)
    0x0000093c   0x0000093c   0x0000002c   Code   RO          378    i.osThreadCreate    RTX_CM3.lib(rt_cmsis.o)
    0x00000968   0x00000968   0x00000018   Code   RO          379    i.osThreadExit      RTX_CM3.lib(rt_cmsis.o)
    0x00000980   0x00000980   0x00000018   Code   RO          380    i.osThreadGetId     RTX_CM3.lib(rt_cmsis.o)
    0x00000998   0x00000998   0x00000018   Code   RO          382    i.osThreadSetPriority  RTX_CM3.lib(rt_cmsis.o)
    0x000009b0   0x000009b0   0x00000018   Code   RO          383    i.osThreadTerminate  RTX_CM3.lib(rt_cmsis.o)
    0x000009c8   0x000009c8   0x0000000c   Code   RO          385    i.osTimerCall       RTX_CM3.lib(rt_cmsis.o)
    0x000009d4   0x000009d4   0x0000002c   Code   RO          390    i.osTimerThread     RTX_CM3.lib(rt_cmsis.o)
    0x00000a00   0x00000a00   0x00000022   Code   RO          160    i.os_error          rtx_conf_cm.o
    0x00000a22   0x00000a22   0x00000004   Code   RO          161    i.os_idle_demon     rtx_conf_cm.o
    0x00000a26   0x00000a26   0x00000002   PAD
    0x00000a28   0x00000a28   0x00000028   Code   RO         1052    i.os_tick_init      RTX_CM3.lib(rt_system.o)
    0x00000a50   0x00000a50   0x00000002   Code   RO         1053    i.os_tick_irqack    RTX_CM3.lib(rt_system.o)
    0x00000a52   0x00000a52   0x0000001a   Code   RO         1419    i.rt_alloc_box      RTX_CM3.lib(rt_membox.o)
    0x00000a6c   0x00000a6c   0x0000003e   Code   RO         1447    i.rt_alloc_mem      RTX_CM3.lib(rt_memory.o)
    0x00000aaa   0x00000aaa   0x00000002   PAD
    0x00000aac   0x00000aac   0x00000038   Code   RO          967    i.rt_block          RTX_CM3.lib(rt_task.o)
    0x00000ae4   0x00000ae4   0x00000002   Code   RO          162    i.rt_chk_robin      rtx_conf_cm.o
    0x00000ae6   0x00000ae6   0x00000002   PAD
    0x00000ae8   0x00000ae8   0x00000070   Code   RO         1188    i.rt_dec_dly        RTX_CM3.lib(rt_list.o)
    0x00000b58   0x00000b58   0x00000044   Code   RO          968    i.rt_dispatch       RTX_CM3.lib(rt_task.o)
    0x00000b9c   0x00000b9c   0x00000006   Code   RO         1354    i.rt_dly_wait       RTX_CM3.lib(rt_time.o)
    0x00000ba2   0x00000ba2   0x00000002   PAD
    0x00000ba4   0x00000ba4   0x00000050   Code   RO         1145    i.rt_evt_psh        RTX_CM3.lib(rt_event.o)
    0x00000bf4   0x00000bf4   0x0000005c   Code   RO         1146    i.rt_evt_set        RTX_CM3.lib(rt_event.o)
    0x00000c50   0x00000c50   0x0000003c   Code   RO         1147    i.rt_evt_wait       RTX_CM3.lib(rt_event.o)
    0x00000c8c   0x00000c8c   0x0000002c   Code   RO         1420    i.rt_free_box       RTX_CM3.lib(rt_membox.o)
    0x00000cb8   0x00000cb8   0x00000028   Code   RO         1448    i.rt_free_mem       RTX_CM3.lib(rt_memory.o)
    0x00000ce0   0x00000ce0   0x00000028   Code   RO         1189    i.rt_get_first      RTX_CM3.lib(rt_list.o)
    0x00000d08   0x00000d08   0x00000008   Code   RO          395    i.rt_id2obj         RTX_CM3.lib(rt_cmsis.o)
    0x00000d10   0x00000d10   0x00000048   Code   RO          969    i.rt_init_context   RTX_CM3.lib(rt_task.o)
    0x00000d58   0x00000d58   0x0000001a   Code   RO         1449    i.rt_init_mem       RTX_CM3.lib(rt_memory.o)
    0x00000d72   0x00000d72   0x00000002   Code   RO          163    i.rt_init_robin     rtx_conf_cm.o
    0x00000d74   0x00000d74   0x00000080   Code   RO         1474    i.rt_init_stack     RTX_CM3.lib(hal_cm.o)
    0x00000df4   0x00000df4   0x00000008   Code   RO         1266    i.rt_mbx_check      RTX_CM3.lib(rt_mailbox.o)
    0x00000dfc   0x00000dfc   0x0000001a   Code   RO         1267    i.rt_mbx_init       RTX_CM3.lib(rt_mailbox.o)
    0x00000e16   0x00000e16   0x00000002   PAD
    0x00000e18   0x00000e18   0x000000f0   Code   RO         1268    i.rt_mbx_psh        RTX_CM3.lib(rt_mailbox.o)
    0x00000f08   0x00000f08   0x000000b4   Code   RO         1270    i.rt_mbx_wait       RTX_CM3.lib(rt_mailbox.o)
    0x00000fbc   0x00000fbc   0x00000044   Code   RO          396    i.rt_ms2tick        RTX_CM3.lib(rt_cmsis.o)
    0x00001000   0x00001000   0x0000007c   Code   RO         1056    i.rt_pop_req        RTX_CM3.lib(rt_system.o)
    0x0000107c   0x0000107c   0x00000020   Code   RO         1057    i.rt_psh_req        RTX_CM3.lib(rt_system.o)
    0x0000109c   0x0000109c   0x0000005c   Code   RO         1191    i.rt_psq_enq        RTX_CM3.lib(rt_list.o)
    0x000010f8   0x000010f8   0x00000048   Code   RO         1192    i.rt_put_dly        RTX_CM3.lib(rt_list.o)
    0x00001140   0x00001140   0x00000036   Code   RO         1193    i.rt_put_prio       RTX_CM3.lib(rt_list.o)
    0x00001176   0x00001176   0x00000002   PAD
    0x00001178   0x00001178   0x00000014   Code   RO         1194    i.rt_put_rdy_first  RTX_CM3.lib(rt_list.o)
    0x0000118c   0x0000118c   0x00000034   Code   RO         1195    i.rt_resort_prio    RTX_CM3.lib(rt_list.o)
    0x000011c0   0x000011c0   0x00000006   Code   RO         1475    i.rt_ret_val        RTX_CM3.lib(hal_cm.o)
    0x000011c6   0x000011c6   0x00000008   Code   RO         1476    i.rt_ret_val2       RTX_CM3.lib(hal_cm.o)
    0x000011ce   0x000011ce   0x00000028   Code   RO         1196    i.rt_rmv_dly        RTX_CM3.lib(rt_list.o)
    0x000011f6   0x000011f6   0x00000002   PAD
    0x000011f8   0x000011f8   0x00000030   Code   RO         1197    i.rt_rmv_list       RTX_CM3.lib(rt_list.o)
    0x00001228   0x00001228   0x00000034   Code   RO         1315    i.rt_sem_psh        RTX_CM3.lib(rt_semaphore.o)
    0x0000125c   0x0000125c   0x00000024   Code   RO         1059    i.rt_stk_check      RTX_CM3.lib(rt_system.o)
    0x00001280   0x00001280   0x00000028   Code   RO          970    i.rt_switch_req     RTX_CM3.lib(rt_task.o)
    0x000012a8   0x000012a8   0x000000cc   Code   RO          971    i.rt_sys_init       RTX_CM3.lib(rt_task.o)
    0x00001374   0x00001374   0x00000078   Code   RO          972    i.rt_sys_start      RTX_CM3.lib(rt_task.o)
    0x000013ec   0x000013ec   0x00000040   Code   RO         1061    i.rt_systick        RTX_CM3.lib(rt_system.o)
    0x0000142c   0x0000142c   0x00000012   Code   RO          397    i.rt_tid2ptcb       RTX_CM3.lib(rt_cmsis.o)
    0x0000143e   0x0000143e   0x00000002   PAD
    0x00001440   0x00001440   0x00000034   Code   RO          398    i.rt_timer_insert   RTX_CM3.lib(rt_cmsis.o)
    0x00001474   0x00001474   0x00000088   Code   RO          973    i.rt_tsk_create     RTX_CM3.lib(rt_task.o)
    0x000014fc   0x000014fc   0x0000017c   Code   RO          974    i.rt_tsk_delete     RTX_CM3.lib(rt_task.o)
    0x00001678   0x00001678   0x0000007c   Code   RO          976    i.rt_tsk_prio       RTX_CM3.lib(rt_task.o)
    0x000016f4   0x000016f4   0x00000010   Code   RO          977    i.rt_tsk_self       RTX_CM3.lib(rt_task.o)
    0x00001704   0x00001704   0x00000012   Code   RO          400    i.svcDelay          RTX_CM3.lib(rt_cmsis.o)
    0x00001716   0x00001716   0x00000002   PAD
    0x00001718   0x00001718   0x00000070   Code   RO          401    i.svcKernelInitialize  RTX_CM3.lib(rt_cmsis.o)
    0x00001788   0x00001788   0x00000048   Code   RO          403    i.svcKernelStart    RTX_CM3.lib(rt_cmsis.o)
    0x000017d0   0x000017d0   0x00000024   Code   RO          406    i.svcMessageCreate  RTX_CM3.lib(rt_cmsis.o)
    0x000017f4   0x000017f4   0x0000003a   Code   RO          407    i.svcMessageGet     RTX_CM3.lib(rt_cmsis.o)
    0x0000182e   0x0000182e   0x00000024   Code   RO          419    i.svcSignalSet      RTX_CM3.lib(rt_cmsis.o)
    0x00001852   0x00001852   0x00000002   PAD
    0x00001854   0x00001854   0x00000054   Code   RO          420    i.svcSignalWait     RTX_CM3.lib(rt_cmsis.o)
    0x000018a8   0x000018a8   0x0000006c   Code   RO          421    i.svcThreadCreate   RTX_CM3.lib(rt_cmsis.o)
    0x00001914   0x00001914   0x0000001c   Code   RO          422    i.svcThreadGetId    RTX_CM3.lib(rt_cmsis.o)
    0x00001930   0x00001930   0x0000002e   Code   RO          424    i.svcThreadSetPriority  RTX_CM3.lib(rt_cmsis.o)
    0x0000195e   0x0000195e   0x00000002   PAD
    0x00001960   0x00001960   0x00000038   Code   RO          425    i.svcThreadTerminate  RTX_CM3.lib(rt_cmsis.o)
    0x00001998   0x00001998   0x00000018   Code   RO          427    i.svcTimerCall      RTX_CM3.lib(rt_cmsis.o)
    0x000019b0   0x000019b0   0x0000005c   Code   RO          436    i.sysTimerTick      RTX_CM3.lib(rt_cmsis.o)
    0x00001a0c   0x00001a0c   0x00000030   Data   RO            6    .constdata          priority_inv.o
    0x00001a3c   0x00001a3c   0x00000010   Data   RO           79    .constdata          led_mcb1700.o
    0x00001a4c   0x00001a4c   0x00000068   Data   RO          165    .constdata          rtx_conf_cm.o
    0x00001ab4   0x00001ab4   0x00000020   Data   RO         1578    Region$$Table       anon$$obj.o


    Execution Region ER_RW (Exec base: 0x10000000, Load base: 0x00001ad4, Size: 0x00000040, Max: 0xffffffff, ABSOLUTE)

    Exec Addr    Load Addr    Size         Type   Attr      Idx    E Section Name        Object

    0x10000000   0x00001ad4   0x00000010   Data   RW            7    .data               priority_inv.o
    0x10000010   0x00001ae4   0x00000010   Data   RW          166    .data               rtx_conf_cm.o
    0x10000020   0x00001af4   0x00000008   Data   RW          439    .data               RTX_CM3.lib(rt_cmsis.o)
    0x10000028   0x00001afc   0x00000008   Data   RW          979    .data               RTX_CM3.lib(rt_task.o)
    0x10000030   0x00001b04   0x00000008   Data   RW         1064    .data               RTX_CM3.lib(rt_system.o)
    0x10000038   0x00001b0c   0x00000004   Data   RW         1358    .data               RTX_CM3.lib(rt_time.o)
    0x1000003c   0x00001b10   0x00000001   Data   RW         1477    .data               RTX_CM3.lib(hal_cm.o)


    Execution Region ER_ZI (Exec base: 0x10000040, Load base: 0x00001b14, Size: 0x00000b10, Max: 0xffffffff, ABSOLUTE)

    Exec Addr    Load Addr    Size         Type   Attr      Idx    E Section Name        Object

    0x10000040        -       0x000008a8   Zero   RW          164    .bss                rtx_conf_cm.o
    0x100008e8        -       0x00000034   Zero   RW          978    .bss                RTX_CM3.lib(rt_task.o)
    0x1000091c        -       0x00000030   Zero   RW         1198    .bss                RTX_CM3.lib(rt_list.o)
    0x1000094c   0x00001b14   0x00000004   PAD
    0x10000950        -       0x00000200   Zero   RW          296    STACK               startup_lpc17xx.o


==============================================================================

Image component sizes


      Code (inc. data)   RO Data    RW Data    ZI Data      Debug   Object Name

       140         14          0          0          0       1823   gpio_lpc17xx.o
        92          4         16          0          0       2393   led_mcb1700.o
       252          6          0          0          0        844   pin_lpc17xx.o
       232         50         48         16          0      11955   priority_inv.o
        66          6        104         16       2216       8611   rtx_conf_cm.o
        40         12        204          0        512       1004   startup_lpc17xx.o
       320         18          0          0          0        581   system_lpc17xx.o

    ----------------------------------------------------------------------
      1146        110        404         32       2728      27211   Object Totals
         0          0         32          0          0          0   (incl. Generated)
         4          0          0          0          0          0   (incl. Padding)

    ----------------------------------------------------------------------

      Code (inc. data)   RO Data    RW Data    ZI Data      Debug   Library Member Name

       238         24          0          1          0       3244   hal_cm.o
       304         36          0          0          0        756   hal_cm3.o
      1474        178          0          8          0      39163   rt_cmsis.o
       272         18          0          0          0       2606   rt_event.o
       530         34          0          0         48       8157   rt_list.o
       554         10          0          0          0       3889   rt_mailbox.o
       140          0          0          0          0       1889   rt_membox.o
       128          0          0          0          0       2267   rt_memory.o
        52          4          0          0          0        565   rt_semaphore.o
       298         52          0          8          0       6139   rt_system.o
      1216        174          0          8         52       9537   rt_task.o
         6          0          0          4          0        636   rt_time.o
         4          4          0          0          0        196   svc_table.o
         0          0          0          0          0          0   entry.o
         0          0          0          0          0          0   entry10a.o
         0          0          0          0          0          0   entry11a.o
         4          0          0          0          0          0   entry12b.o
         8          4          0          0          0          0   entry2.o
         4          0          0          0          0          0   entry5.o
         0          0          0          0          0          0   entry7b.o
         0          0          0          0          0          0   entry8b.o
        30          0          0          0          0          0   handlers.o
        36          8          0          0          0         68   init.o

    ----------------------------------------------------------------------
      5318        546          0         32        104      79112   Library Totals
        20          0          0          3          4          0   (incl. Padding)

    ----------------------------------------------------------------------

      Code (inc. data)   RO Data    RW Data    ZI Data      Debug   Library Name

      5216        534          0         29        100      79044   RTX_CM3.lib
        82         12          0          0          0         68   mc_w.l

    ----------------------------------------------------------------------
      5318        546          0         32        104      79112   Library Totals

    ----------------------------------------------------------------------

==============================================================================


      Code (inc. data)   RO Data    RW Data    ZI Data      Debug   

      6464        656        404         64       2832     101847   Grand Totals
      6464        656        404         64       2832     101847   ELF Image Totals
      6464        656        404         64          0          0   ROM Totals

==============================================================================

    Total RO  Size (Code + RO Data)                 6868 (   6.71kB)
    Total RW  Size (RW Data + ZI Data)              2896 (   2.83kB)
    Total ROM Size (Code + RO Data + RW Data)       6932 (   6.77kB)

==============================================================================

